<html>
<body>
<pre>
<h1>µVision Build Log</h1>
<h2>Tool Versions:</h2>
IDE-Version: µVision V5.28.0.0
Copyright (C) 2019 ARM Ltd and ARM Germany GmbH. All rights reserved.
License Information: Dmitry Microsoft, Microsoft, LIC=AK112-9L462-AU44J-U4SNC-J6CJF-4WQIS
 
Tool Versions:
Toolchain:       MDK-ARM Professional  Version: 5.28.0.0
Toolchain Path:  C:\Keil_v5\ARM\ARMCC\Bin
C Compiler:      Armcc.exe V5.06 update 6 (build 750)
Assembler:       Armasm.exe V5.06 update 6 (build 750)
Linker/Locator:  ArmLink.exe V5.06 update 6 (build 750)
Library Manager: ArmAr.exe V5.06 update 6 (build 750)
Hex Converter:   FromElf.exe V5.06 update 6 (build 750)
CPU DLL:         SARMCM3.DLL V5.28.0.0
Dialog DLL:      DCM.DLL V1.17.3.0
Target DLL:      STLink\ST-LINKIII-KEIL_SWO.dll V3.0.6.0
Dialog DLL:      TCM.DLL V1.36.2.0
 
<h2>Project:</h2>
F:\nrf52\nRF5_SDK_17.1.0_ddde560\examples\ble_peripheral\ble_app_uart\pca10040e\s112\arm5_no_packs\ble_app_uart_pca10040e_s112.uvprojx
Project File Date:  05/23/2023

<h2>Output:</h2>
*** Using Compiler 'V5.06 update 6 (build 750)', folder: 'C:\Keil_v5\ARM\ARMCC\Bin'
Rebuild target 'nrf52805_xxaa'
compiling rhd2132_adc.c...
compiling boards.c...
compiling main.c...
..\..\..\main.c(327): warning:  #177-D: variable "err_code"  was declared but never referenced
          uint32_t err_code;
..\..\..\main.c(689): warning:  #174-D: expression has no effect
  										__NOP;
..\..\..\main.c(686): warning:  #177-D: variable "length"  was declared but never referenced
  										uint16_t length = (uint16_t)rx_index;
..\..\..\main.c(670): warning:  #177-D: variable "err_code"  was declared but never referenced
      uint32_t       err_code;
..\..\..\main.c(846): warning:  #188-D: enumerated type mixed with another type
  		spi_config.frequency = SPI_FREQUENCY_FREQUENCY_M8;
..\..\..\main.c(151): warning:  #550-D: variable "m_tx_buf"  was set but never used
  static uint8_t       m_tx_buf[] = TEST_STRING;           /**< TX buffer. */
..\..\..\main.c(153): warning:  #177-D: variable "m_length"  was declared but never referenced
  static const uint8_t m_length = sizeof(m_tx_buf);        /**< Transfer length. */
..\..\..\main.c(714): warning:  #177-D: function "uart_init"  was declared but never referenced
  static void uart_init(void)
..\..\..\main.c(791): warning:  #177-D: function "log_init"  was declared but never referenced
  static void log_init(void)
..\..\..\main.c(814): warning:  #177-D: function "idle_state_handle"  was declared but never referenced
  static void idle_state_handle(void)
..\..\..\main.c: 10 warnings, 0 errors
compiling utf.c...
compiling bsp.c...
compiling bsp_btn_ble.c...
compiling ble_advdata.c...
compiling ble_advertising.c...
compiling ble_conn_state.c...
compiling ble_conn_params.c...
compiling ble_link_ctx_manager.c...
compiling ble_srv_common.c...
compiling nrf_ble_qwr.c...
compiling nrf_ble_gatt.c...
compiling ble_nus.c...
compiling nrf_drv_uart.c...
compiling nrf_drv_clock.c...
compiling nrfx_atomic.c...
compiling nrfx_clock.c...
compiling nrfx_gpiote.c...
compiling nrfx_prs.c...
compiling nrfx_uarte.c...
compiling nrfx_uart.c...
compiling nrfx_spim.c...
compiling nrf_drv_spi.c...
compiling nrfx_spi.c...
compiling app_error_handler_keil.c...
compiling app_error.c...
compiling app_button.c...
compiling app_fifo.c...
compiling app_error_weak.c...
compiling app_scheduler.c...
compiling app_uart_fifo.c...
compiling app_timer2.c...
compiling app_util_platform.c...
compiling nrf_assert.c...
compiling hardfault_implementation.c...
compiling drv_rtc.c...
compiling nrf_atflags.c...
compiling nrf_atfifo.c...
compiling nrf_atomic.c...
compiling nrf_fprintf.c...
compiling nrf_fprintf_format.c...
compiling nrf_balloc.c...
compiling nrf_memobj.c...
compiling nrf_ringbuf.c...
compiling nrf_pwr_mgmt.c...
compiling nrf_sortlist.c...
compiling nrf_section_iter.c...
compiling nrf_strerror.c...
compiling retarget.c...
compiling nrf_log_backend_rtt.c...
compiling nrf_log_backend_serial.c...
compiling nrf_log_default_backends.c...
compiling nrf_log_str_formatter.c...
compiling SEGGER_RTT_Syscalls_KEIL.c...
compiling nrf_log_frontend.c...
compiling SEGGER_RTT.c...
compiling SEGGER_RTT_printf.c...
compiling nrf_sdh.c...
assembling arm_startup_nrf52805.s...
compiling nrf_sdh_ble.c...
compiling nrf_sdh_soc.c...
compiling system_nrf52.c...
linking...
Program Size: Code=20704 RO-data=3440 RW-data=760 ZI-data=5328  
FromELF: creating hex file...
".\_build\nrf52805_xxaa.axf" - 0 Error(s), 10 Warning(s).

<h2>Software Packages used:</h2>

Package Vendor: ARM
                http://www.keil.com/pack/ARM.CMSIS.5.6.0.pack
                ARM.CMSIS.5.6.0
                CMSIS (Cortex Microcontroller Software Interface Standard)
   * Component: CORE Version: 5.3.0

Package Vendor: NordicSemiconductor
                http://developer.nordicsemi.com/nRF5_SDK/pieces/nRF_DeviceFamilyPack/NordicSemiconductor.nRF_DeviceFamilyPack.8.40.3.pack
                NordicSemiconductor.nRF_DeviceFamilyPack.8.40.3
                Nordic Semiconductor nRF ARM devices Device Family Pack with BSD license.
   * Component: Startup Version: 8.40.3

<h2>Collection of Component include folders:</h2>
  .\RTE\_nrf52805_xxaa
  C:\Users\Dmitry\AppData\Local\Arm\Packs\ARM\CMSIS\5.6.0\CMSIS\Core\Include
  C:\Users\Dmitry\AppData\Local\Arm\Packs\NordicSemiconductor\nRF_DeviceFamilyPack\8.40.3\Device\Include

<h2>Collection of Component Files used:</h2>

   * Component: ARM::CMSIS:CORE:5.3.0

   * Component: NordicSemiconductor::Device:Startup:8.40.3
      Source file:   Device\Source\arm\arm_startup_nrf52805.s
      Source file:   Device\Source\system_nrf52.c
      Include file:  Device\Include\system_nrf52805.h
      Include file:  Device\Include\system_nrf.h
Build Time Elapsed:  00:01:19
</pre>
</body>
</html>
