Component: ARM Compiler 5.06 update 6 (build 750) Tool: armlink [4d35ed]

==============================================================================

Section Cross References

    main.o(i.adc_timer_handler) refers to rhd2132_adc.o(i.convert) for convert
    main.o(i.adc_timer_handler) refers to ble_nus.o(i.ble_nus_data_send) for ble_nus_data_send
    main.o(i.adc_timer_handler) refers to rhd2132_adc.o(i.reinit_rhd2132) for reinit_rhd2132
    main.o(i.adc_timer_handler) refers to app_timer2.o(i.app_timer_stop) for app_timer_stop
    main.o(i.adc_timer_handler) refers to app_timer2.o(i.app_timer_start) for app_timer_start
    main.o(i.adc_timer_handler) refers to main.o(.data) for .data
    main.o(i.adc_timer_handler) refers to main.o(.bss) for .bss
    main.o(i.adc_timer_handler) refers to main.o(.constdata) for .constdata
    main.o(i.assert_nrf_callback) refers to app_error_handler_keil.o(.emb_text) for app_error_handler
    main.o(i.ble_evt_handler) refers to nrf_log_frontend.o(i.nrf_log_frontend_std_0) for nrf_log_frontend_std_0
    main.o(i.ble_evt_handler) refers to bsp.o(i.bsp_indication_set) for bsp_indication_set
    main.o(i.ble_evt_handler) refers to app_error.o(i.app_error_handler_bare) for app_error_handler_bare
    main.o(i.ble_evt_handler) refers to nrf_ble_qwr.o(i.nrf_ble_qwr_conn_handle_assign) for nrf_ble_qwr_conn_handle_assign
    main.o(i.ble_evt_handler) refers to main.o(.data) for .data
    main.o(i.ble_evt_handler) refers to nrf_log_frontend.o(log_const_data) for m_nrf_log_app_logs_data_const
    main.o(i.ble_evt_handler) refers to main.o(.bss) for .bss
    main.o(i.bsp_event_handler) refers to main.o(i.sleep_mode_enter) for sleep_mode_enter
    main.o(i.bsp_event_handler) refers to app_error.o(i.app_error_handler_bare) for app_error_handler_bare
    main.o(i.bsp_event_handler) refers to ble_advertising.o(i.ble_advertising_restart_without_whitelist) for ble_advertising_restart_without_whitelist
    main.o(i.bsp_event_handler) refers to main.o(.data) for .data
    main.o(i.bsp_event_handler) refers to main.o(.bss) for .bss
    main.o(i.conn_params_error_handler) refers to app_error.o(i.app_error_handler_bare) for app_error_handler_bare
    main.o(i.gatt_evt_handler) refers to nrf_log_frontend.o(i.nrf_log_frontend_std_2) for nrf_log_frontend_std_2
    main.o(i.gatt_evt_handler) refers to main.o(.data) for .data
    main.o(i.gatt_evt_handler) refers to nrf_log_frontend.o(log_const_data) for m_nrf_log_app_logs_data_const
    main.o(i.gatt_init) refers to nrf_ble_gatt.o(i.nrf_ble_gatt_init) for nrf_ble_gatt_init
    main.o(i.gatt_init) refers to app_error.o(i.app_error_handler_bare) for app_error_handler_bare
    main.o(i.gatt_init) refers to nrf_ble_gatt.o(i.nrf_ble_gatt_att_mtu_periph_set) for nrf_ble_gatt_att_mtu_periph_set
    main.o(i.gatt_init) refers to main.o(i.gatt_evt_handler) for gatt_evt_handler
    main.o(i.gatt_init) refers to main.o(.bss) for .bss
    main.o(i.main) refers to nrf_drv_spi.o(i.nrf_drv_spi_init) for nrf_drv_spi_init
    main.o(i.main) refers to app_error.o(i.app_error_handler_bare) for app_error_handler_bare
    main.o(i.main) refers to main.o(i.nrf_gpio_cfg) for nrf_gpio_cfg
    main.o(i.main) refers to main.o(i.nrf_delay_ms) for nrf_delay_ms
    main.o(i.main) refers to rhd2132_adc.o(i.init_rhd2132) for init_rhd2132
    main.o(i.main) refers to app_timer2.o(i.app_timer_init) for app_timer_init
    main.o(i.main) refers to app_timer2.o(i.app_timer_create) for app_timer_create
    main.o(i.main) refers to app_timer2.o(i.app_timer_start) for app_timer_start
    main.o(i.main) refers to bsp.o(i.bsp_init) for bsp_init
    main.o(i.main) refers to bsp_btn_ble.o(i.bsp_btn_ble_init) for bsp_btn_ble_init
    main.o(i.main) refers to nrf_pwr_mgmt.o(i.nrf_pwr_mgmt_init) for nrf_pwr_mgmt_init
    main.o(i.main) refers to nrf_sdh.o(i.nrf_sdh_enable_request) for nrf_sdh_enable_request
    main.o(i.main) refers to nrf_sdh_ble.o(i.nrf_sdh_ble_default_cfg_set) for nrf_sdh_ble_default_cfg_set
    main.o(i.main) refers to nrf_sdh_ble.o(i.nrf_sdh_ble_enable) for nrf_sdh_ble_enable
    main.o(i.main) refers to main.o(i.gatt_init) for gatt_init
    main.o(i.main) refers to nrf_ble_qwr.o(i.nrf_ble_qwr_init) for nrf_ble_qwr_init
    main.o(i.main) refers to ble_nus.o(i.ble_nus_init) for ble_nus_init
    main.o(i.main) refers to memseta.o(.text) for __aeabi_memclr4
    main.o(i.main) refers to ble_advertising.o(i.ble_advertising_init) for ble_advertising_init
    main.o(i.main) refers to ble_advertising.o(i.ble_advertising_conn_cfg_tag_set) for ble_advertising_conn_cfg_tag_set
    main.o(i.main) refers to ble_conn_params.o(i.ble_conn_params_init) for ble_conn_params_init
    main.o(i.main) refers to ble_advertising.o(i.ble_advertising_start) for ble_advertising_start
    main.o(i.main) refers to main.o(.constdata) for .constdata
    main.o(i.main) refers to main.o(.bss) for .bss
    main.o(i.main) refers to main.o(i.led_timer_handler) for led_timer_handler
[...]
    .data                                    0x20002d08   Section        8  nrfx_clock.o(.data)
    m_clock_cb                               0x20002d08   Data           8  nrfx_clock.o(.data)
    .data                                    0x20002d10   Section        8  nrfx_prs.o(.data)
    m_prs_box_2                              0x20002d10   Data           8  nrfx_prs.o(.data)
    .data                                    0x20002d18   Section        8  nrf_drv_spi.o(.data)
    m_handlers                               0x20002d18   Data           4  nrf_drv_spi.o(.data)
    m_contexts                               0x20002d1c   Data           4  nrf_drv_spi.o(.data)
    .data                                    0x20002d20   Section       24  app_button.o(.data)
    m_button_count                           0x20002d20   Data           1  app_button.o(.data)
    mp_buttons                               0x20002d24   Data           4  app_button.o(.data)
    m_detection_delay                        0x20002d28   Data           4  app_button.o(.data)
    m_pin_active                             0x20002d30   Data           8  app_button.o(.data)
    .data                                    0x20002d38   Section       32  app_button.o(.data)
    m_detection_delay_timer_id_data          0x20002d38   Data          32  app_button.o(.data)
    .data                                    0x20002d58   Section       32  app_timer2.o(.data)
    m_global_active                          0x20002d58   Data           1  app_timer2.o(.data)
    mp_active_timer                          0x20002d5c   Data           4  app_timer2.o(.data)
    m_rtc_inst                               0x20002d60   Data           8  app_timer2.o(.data)
    m_base_counter                           0x20002d68   Data           8  app_timer2.o(.data)
    m_stamp64                                0x20002d70   Data           8  app_timer2.o(.data)
    .data                                    0x20002d78   Section        4  app_timer2.o(.data)
    m_app_timer_sortlist_sortlist_cb         0x20002d78   Data           4  app_timer2.o(.data)
    .data                                    0x20002d7c   Section       12  drv_rtc.o(.data)
    m_handlers                               0x20002d7c   Data           4  drv_rtc.o(.data)
    m_cb                                     0x20002d80   Data           8  drv_rtc.o(.data)
    .data                                    0x20002d88   Section        8  nrf_pwr_mgmt.o(.data)
    m_pwr_mgmt_evt                           0x20002d88   Data           1  nrf_pwr_mgmt.o(.data)
    m_shutdown_started                       0x20002d89   Data           1  nrf_pwr_mgmt.o(.data)
    m_sysoff_mtx                             0x20002d8c   Data           4  nrf_pwr_mgmt.o(.data)
    .data                                    0x20002d90   Section        1  nrf_log_backend_rtt.o(.data)
    m_host_present                           0x20002d90   Data           1  nrf_log_backend_rtt.o(.data)
    .data                                    0x20002d94   Section        8  nrf_log_default_backends.o(.data)
    log_backend_cb_rtt_log_backend           0x20002d94   Data           8  nrf_log_default_backends.o(.data)
    .data                                    0x20002d9c   Section        4  nrf_log_frontend.o(.data)
    m_buffer_mask                            0x20002d9c   Data           4  nrf_log_frontend.o(.data)
    .data                                    0x20002da0   Section        8  nrf_log_frontend.o(.data)
    log_mempool_nrf_balloc_pool_stack        0x20002da0   Data           8  nrf_log_frontend.o(.data)
    .data                                    0x20002da8   Section        8  nrf_log_frontend.o(.data)
    log_mempool_nrf_balloc_cb                0x20002da8   Data           8  nrf_log_frontend.o(.data)
    .data                                    0x20002db0   Section       64  nrf_log_str_formatter.o(.data)
    m_freq                                   0x20002db0   Data           4  nrf_log_str_formatter.o(.data)
    m_timestamp_div                          0x20002db4   Data           4  nrf_log_str_formatter.o(.data)
    severity_names                           0x20002db8   Data          20  nrf_log_str_formatter.o(.data)
    m_colors                                 0x20002dcc   Data          36  nrf_log_str_formatter.o(.data)
    .data                                    0x20002df0   Section        3  nrf_sdh.o(.data)
    m_nrf_sdh_enabled                        0x20002df0   Data           1  nrf_sdh.o(.data)
    m_nrf_sdh_suspended                      0x20002df1   Data           1  nrf_sdh.o(.data)
    m_nrf_sdh_continue                       0x20002df2   Data           1  nrf_sdh.o(.data)
    .data                                    0x20002df3   Section        1  nrf_sdh_ble.o(.data)
    m_stack_is_enabled                       0x20002df3   Data           1  nrf_sdh_ble.o(.data)
    .data                                    0x20002df4   Section        4  system_nrf52.o(.data)
    __tagsym$$used                           0x20002df4   Number         0  system_nrf52.o(.data)
    .bss                                     0x20002df8   Section      800  main.o(.bss)
    m_gatt                                   0x20003004   Data          16  main.o(.bss)
    m_qwr                                    0x20003014   Data          12  main.o(.bss)
    m_advertising                            0x20003020   Data         248  main.o(.bss)
    .bss                                     0x20003118   Section       12  bsp.o(.bss)
    m_events_list                            0x20003118   Data          12  bsp.o(.bss)
    .bss                                     0x20003128   Section       80  ble_conn_params.o(.bss)
    m_timer_data                             0x20003128   Data          32  ble_conn_params.o(.bss)
    m_conn_params_instances                  0x20003148   Data          20  ble_conn_params.o(.bss)
    m_conn_params_config                     0x2000315c   Data          28  ble_conn_params.o(.bss)
    .bss                                     0x20003178   Section      124  ble_conn_state.o(.bss)
    m_bcs                                    0x20003178   Data         124  ble_conn_state.o(.bss)
    .bss                                     0x200031f4   Section       20  nrf_drv_clock.o(.bss)
    m_clock_cb                               0x200031f4   Data          20  nrf_drv_clock.o(.bss)
    .bss                                     0x20003208   Section       92  nrfx_gpiote.o(.bss)
    m_cb                                     0x20003208   Data          92  nrfx_gpiote.o(.bss)
    .bss                                     0x20003264   Section       44  nrfx_spi.o(.bss)
    m_cb                                     0x20003264   Data          44  nrfx_spi.o(.bss)
    .bss                                     0x20003290   Section       16  app_button.o(.bss)
    m_pin_states                             0x20003290   Data          16  app_button.o(.bss)
    .bss                                     0x200032a0   Section       16  app_timer2.o(.bss)
    m_req_fifo_inst                          0x200032a0   Data          16  app_timer2.o(.bss)
    .bss                                     0x200032b0   Section       88  app_timer2.o(.bss)
    m_req_fifo_data                          0x200032b0   Data          88  app_timer2.o(.bss)
    .bss                                     0x20003308   Section       12  app_util_platform.o(.bss)
    .bss                                     0x20003314   Section       12  nrf_pwr_mgmt.o(.bss)
    m_handlers_iter                          0x20003314   Data          12  nrf_pwr_mgmt.o(.bss)
    .bss                                     0x20003320   Section       64  nrf_log_backend_rtt.o(.bss)
    m_string_buff                            0x20003320   Data          64  nrf_log_backend_rtt.o(.bss)
    .bss                                     0x20003360   Section      192  nrf_log_frontend.o(.bss)
    log_mempool_nrf_balloc_pool_mem          0x20003360   Data         192  nrf_log_frontend.o(.bss)
    .bss                                     0x20003420   Section     1056  nrf_log_frontend.o(.bss)
    m_log_data                               0x20003420   Data        1056  nrf_log_frontend.o(.bss)
    .bss                                     0x20003840   Section      648  segger_rtt.o(.bss)
    _acUpBuffer                              0x200038b8   Data         512  segger_rtt.o(.bss)
    _acDownBuffer                            0x20003ab8   Data          16  segger_rtt.o(.bss)
    STACK                                    0x20003ac8   Section     2048  arm_startup_nrf52805.o(STACK)

    Global Symbols

    Symbol Name                              Value     Ov Type        Size  Object(Section)

    BuildAttributes$$THM_ISAv4$E$P$D$K$B$S$7EM$PE$A:L22UL41UL21$X:L11$S22US41US21$IEEE1$IW$USESV6$~STKCKD$USESV7$~SHL$OSPACE$EBA8$MICROLIB$REQ8$EABIv2 0x00000000   Number         0  anon$$obj.o ABSOLUTE
    __ARM_use_no_argv                        0x00000000   Number         0  main.o ABSOLUTE
    __cpp_initialize__aeabi_                  - Undefined Weak Reference
    __cxa_finalize                            - Undefined Weak Reference
    _clock_init                               - Undefined Weak Reference
    _microlib_exit                            - Undefined Weak Reference
    log_dynamic_data$$Base                    - Undefined Reference
    pwr_mgmt_data0$$Base                      - Undefined Reference
    pwr_mgmt_data0$$Limit                     - Undefined Reference
    pwr_mgmt_data1$$Base                      - Undefined Reference
    pwr_mgmt_data1$$Limit                     - Undefined Reference
    pwr_mgmt_data2$$Base                      - Undefined Reference
    pwr_mgmt_data2$$Limit                     - Undefined Reference
    sdh_req_observers0$$Base                  - Undefined Reference
    sdh_req_observers0$$Limit                 - Undefined Reference
    sdh_req_observers1$$Base                  - Undefined Reference
    sdh_req_observers1$$Limit                 - Undefined Reference
    sdh_soc_observers1$$Base                  - Undefined Reference
    sdh_soc_observers1$$Limit                 - Undefined Reference
    sdh_stack_observers1$$Base                - Undefined Reference
    sdh_stack_observers1$$Limit               - Undefined Reference
    sdh_state_observers1$$Base                - Undefined Reference
    sdh_state_observers1$$Limit               - Undefined Reference
    __Vectors_Size                           0x00000200   Number         0  arm_startup_nrf52805.o ABSOLUTE
    __Vectors                                0x00019000   Data           4  arm_startup_nrf52805.o(RESET)
    __Vectors_End                            0x00019200   Data           0  arm_startup_nrf52805.o(RESET)
    __main                                   0x00019201   Thumb Code     0  entry.o(.ARM.Collect$$$$00000000)
    _main_stk                                0x00019201   Thumb Code     0  entry2.o(.ARM.Collect$$$$00000001)
    _main_scatterload                        0x00019205   Thumb Code     0  entry5.o(.ARM.Collect$$$$00000004)
    __main_after_scatterload                 0x00019209   Thumb Code     0  entry5.o(.ARM.Collect$$$$00000004)
    _main_clock                              0x00019209   Thumb Code     0  entry7b.o(.ARM.Collect$$$$00000008)
    _main_cpp_init                           0x00019209   Thumb Code     0  entry8b.o(.ARM.Collect$$$$0000000A)
    _main_init                               0x00019209   Thumb Code     0  entry9a.o(.ARM.Collect$$$$0000000B)
    __rt_final_cpp                           0x00019211   Thumb Code     0  entry10a.o(.ARM.Collect$$$$0000000D)
    __rt_final_exit                          0x00019211   Thumb Code     0  entry11a.o(.ARM.Collect$$$$0000000F)
    __asm___12_nrf_atfifo_c_51f461e1__nrf_atfifo_wspace_req 0x00019215   Thumb Code    56  nrf_atfifo.o(.emb_text)
    __asm___12_nrf_atfifo_c_51f461e1__nrf_atfifo_wspace_close 0x0001924d   Thumb Code    18  nrf_atfifo.o(.emb_text)
    __asm___12_nrf_atfifo_c_51f461e1__nrf_atfifo_rspace_req 0x0001925f   Thumb Code    58  nrf_atfifo.o(.emb_text)
    __asm___12_nrf_atfifo_c_51f461e1__nrf_atfifo_rspace_close 0x00019299   Thumb Code    18  nrf_atfifo.o(.emb_text)
    __asm___12_nrf_atfifo_c_51f461e1__nrf_atfifo_space_clear 0x000192ab   Thumb Code    50  nrf_atfifo.o(.emb_text)
    __asm___12_nrf_atomic_c_85ca2469__nrf_atomic_internal_mov 0x000192dd   Thumb Code    24  nrf_atomic.o(.emb_text)
    __asm___12_nrf_atomic_c_85ca2469__nrf_atomic_internal_orr 0x000192f5   Thumb Code    26  nrf_atomic.o(.emb_text)
    __asm___12_nrf_atomic_c_85ca2469__nrf_atomic_internal_and 0x0001930f   Thumb Code    26  nrf_atomic.o(.emb_text)
    __asm___12_nrf_atomic_c_85ca2469__nrf_atomic_internal_eor 0x00019329   Thumb Code    26  nrf_atomic.o(.emb_text)
    __asm___12_nrf_atomic_c_85ca2469__nrf_atomic_internal_add 0x00019343   Thumb Code    26  nrf_atomic.o(.emb_text)
    __asm___12_nrf_atomic_c_85ca2469__nrf_atomic_internal_sub 0x0001935d   Thumb Code    26  nrf_atomic.o(.emb_text)
    __asm___12_nrf_atomic_c_85ca2469__nrf_atomic_internal_cmp_exch 0x00019377   Thumb Code    42  nrf_atomic.o(.emb_text)
    __asm___12_nrf_atomic_c_85ca2469__nrf_atomic_internal_sub_hs 0x000193a1   Thumb Code    30  nrf_atomic.o(.emb_text)
    Reset_Handler                            0x000193c1   Thumb Code     8  arm_startup_nrf52805.o(.text)
    NMI_Handler                              0x000193c9   Thumb Code     2  arm_startup_nrf52805.o(.text)
    HardFault_Handler                        0x000193cb   Thumb Code     2  arm_startup_nrf52805.o(.text)
    MemoryManagement_Handler                 0x000193cd   Thumb Code     2  arm_startup_nrf52805.o(.text)
    BusFault_Handler                         0x000193cf   Thumb Code     2  arm_startup_nrf52805.o(.text)
    UsageFault_Handler                       0x000193d1   Thumb Code     2  arm_startup_nrf52805.o(.text)
    SVC_Handler                              0x000193d3   Thumb Code     2  arm_startup_nrf52805.o(.text)
    DebugMon_Handler                         0x000193d5   Thumb Code     2  arm_startup_nrf52805.o(.text)
    PendSV_Handler                           0x000193d7   Thumb Code     2  arm_startup_nrf52805.o(.text)
    SysTick_Handler                          0x000193d9   Thumb Code     2  arm_startup_nrf52805.o(.text)
    CCM_AAR_IRQHandler                       0x000193db   Thumb Code     0  arm_startup_nrf52805.o(.text)
    ECB_IRQHandler                           0x000193db   Thumb Code     0  arm_startup_nrf52805.o(.text)
    QDEC_IRQHandler                          0x000193db   Thumb Code     0  arm_startup_nrf52805.o(.text)
    RADIO_IRQHandler                         0x000193db   Thumb Code     0  arm_startup_nrf52805.o(.text)
    RNG_IRQHandler                           0x000193db   Thumb Code     0  arm_startup_nrf52805.o(.text)
    RTC0_IRQHandler                          0x000193db   Thumb Code     0  arm_startup_nrf52805.o(.text)
    SAADC_IRQHandler                         0x000193db   Thumb Code     0  arm_startup_nrf52805.o(.text)
    SWI0_EGU0_IRQHandler                     0x000193db   Thumb Code     0  arm_startup_nrf52805.o(.text)
    SWI1_EGU1_IRQHandler                     0x000193db   Thumb Code     0  arm_startup_nrf52805.o(.text)
    SWI3_IRQHandler                          0x000193db   Thumb Code     0  arm_startup_nrf52805.o(.text)
    SWI4_IRQHandler                          0x000193db   Thumb Code     0  arm_startup_nrf52805.o(.text)
    SWI5_IRQHandler                          0x000193db   Thumb Code     0  arm_startup_nrf52805.o(.text)
    TEMP_IRQHandler                          0x000193db   Thumb Code     0  arm_startup_nrf52805.o(.text)
    TIMER0_IRQHandler                        0x000193db   Thumb Code     0  arm_startup_nrf52805.o(.text)
    TIMER1_IRQHandler                        0x000193db   Thumb Code     0  arm_startup_nrf52805.o(.text)
    TIMER2_IRQHandler                        0x000193db   Thumb Code     0  arm_startup_nrf52805.o(.text)
    TWIM0_TWIS0_TWI0_IRQHandler              0x000193db   Thumb Code     0  arm_startup_nrf52805.o(.text)
    WDT_IRQHandler                           0x000193db   Thumb Code     0  arm_startup_nrf52805.o(.text)
    __aeabi_llsl                             0x000193e5   Thumb Code    30  llshl.o(.text)
    _ll_shift_l                              0x000193e5   Thumb Code     0  llshl.o(.text)
    __rt_ctype_table                         0x00019405   Thumb Code     4  ctype_o.o(.text)
    __aeabi_memcpy                           0x0001940d   Thumb Code    36  memcpya.o(.text)
    __aeabi_memcpy4                          0x0001940d   Thumb Code     0  memcpya.o(.text)
    __aeabi_memcpy8                          0x0001940d   Thumb Code     0  memcpya.o(.text)
    __aeabi_memset                           0x00019431   Thumb Code    14  memseta.o(.text)
    __aeabi_memset4                          0x00019431   Thumb Code     0  memseta.o(.text)
    __aeabi_memset8                          0x00019431   Thumb Code     0  memseta.o(.text)
    __aeabi_memclr                           0x0001943f   Thumb Code     4  memseta.o(.text)
    __aeabi_memclr4                          0x0001943f   Thumb Code     0  memseta.o(.text)
    __aeabi_memclr8                          0x0001943f   Thumb Code     0  memseta.o(.text)
    _memset$wrapper                          0x00019443   Thumb Code    18  memseta.o(.text)
    strlen                                   0x00019455   Thumb Code    14  strlen.o(.text)
    __scatterload                            0x00019465   Thumb Code    28  init.o(.text)
    __scatterload_rt2                        0x00019465   Thumb Code     0  init.o(.text)
    __decompress                             0x00019489   Thumb Code     0  __dczerorl2.o(.text)
    __decompress1                            0x00019489   Thumb Code    86  __dczerorl2.o(.text)
    GPIOTE_IRQHandler                        0x000194e1   Thumb Code   154  nrfx_gpiote.o(i.GPIOTE_IRQHandler)
    POWER_CLOCK_IRQHandler                   0x00019585   Thumb Code    74  nrfx_clock.o(i.POWER_CLOCK_IRQHandler)
    RTC1_IRQHandler                          0x000195d5   Thumb Code    12  drv_rtc.o(i.RTC1_IRQHandler)
    SEGGER_RTT_WriteNoLock                   0x000195e5   Thumb Code    86  segger_rtt.o(i.SEGGER_RTT_WriteNoLock)
    SPIM0_SPIS0_SPI0_IRQHandler              0x00019641   Thumb Code    62  nrfx_spi.o(i.SPIM0_SPIS0_SPI0_IRQHandler)
    SWI2_IRQHandler                          0x00019685   Thumb Code     4  nrf_sdh.o(i.SWI2_IRQHandler)
    SystemInit                               0x00019689   Thumb Code   348  system_nrf52.o(i.SystemInit)
    UARTE0_UART0_IRQHandler                  0x0001980d   Thumb Code     6  nrfx_prs.o(i.UARTE0_UART0_IRQHandler)
    __scatterload_copy                       0x000198cb   Thumb Code    14  handlers.o(i.__scatterload_copy)
    __scatterload_null                       0x000198d9   Thumb Code     2  handlers.o(i.__scatterload_null)
    __scatterload_zeroinit                   0x000198db   Thumb Code    14  handlers.o(i.__scatterload_zeroinit)
    app_button_enable                        0x000199e9   Thumb Code    32  app_button.o(i.app_button_enable)
    app_button_init                          0x00019a0d   Thumb Code   106  app_button.o(i.app_button_init)
    app_error_fault_handler                  0x00019a8d   Thumb Code    86  app_error_weak.o(i.app_error_fault_handler)
    app_error_handler_bare                   0x00019b11   Thumb Code    22  app_error.o(i.app_error_handler_bare)
    app_timer_cnt_get                        0x00019b29   Thumb Code     6  app_timer2.o(i.app_timer_cnt_get)
    app_timer_create                         0x00019b35   Thumb Code    32  app_timer2.o(i.app_timer_create)
    app_timer_init                           0x00019b55   Thumb Code    70  app_timer2.o(i.app_timer_init)
    app_timer_start                          0x00019bb1   Thumb Code    84  app_timer2.o(i.app_timer_start)
    app_timer_stop                           0x00019c05   Thumb Code    68  app_timer2.o(i.app_timer_stop)
    app_util_critical_region_enter           0x00019c49   Thumb Code    64  app_util_platform.o(i.app_util_critical_region_enter)
    app_util_critical_region_exit            0x00019c91   Thumb Code    46  app_util_platform.o(i.app_util_critical_region_exit)
    blcm_link_ctx_get                        0x00019cc5   Thumb Code    72  ble_link_ctx_manager.o(i.blcm_link_ctx_get)
    ble_advdata_encode                       0x00019d0d   Thumb Code   386  ble_advdata.o(i.ble_advdata_encode)
    ble_advdata_parse                        0x00019e8f   Thumb Code    32  ble_advdata.o(i.ble_advdata_parse)
    ble_advdata_search                       0x00019eaf   Thumb Code    70  ble_advdata.o(i.ble_advdata_search)
    ble_advertising_conn_cfg_tag_set         0x00019ef5   Thumb Code     6  ble_advertising.o(i.ble_advertising_conn_cfg_tag_set)
    ble_advertising_init                     0x00019efb   Thumb Code   248  ble_advertising.o(i.ble_advertising_init)
    ble_advertising_on_ble_evt               0x00019ff3   Thumb Code   106  ble_advertising.o(i.ble_advertising_on_ble_evt)
    ble_advertising_restart_without_whitelist 0x0001a05d   Thumb Code    58  ble_advertising.o(i.ble_advertising_restart_without_whitelist)
    ble_advertising_start                    0x0001a097   Thumb Code   514  ble_advertising.o(i.ble_advertising_start)
    ble_conn_params_init                     0x0001a299   Thumb Code    90  ble_conn_params.o(i.ble_conn_params_init)
    ble_conn_state_conn_idx                  0x0001a301   Thumb Code    18  ble_conn_state.o(i.ble_conn_state_conn_idx)
    ble_conn_state_valid                     0x0001a315   Thumb Code    16  ble_conn_state.o(i.ble_conn_state_valid)
    ble_nus_data_send                        0x0001a6d9   Thumb Code   102  ble_nus.o(i.ble_nus_data_send)
    ble_nus_init                             0x0001a741   Thumb Code   206  ble_nus.o(i.ble_nus_init)
    ble_nus_on_ble_evt                       0x0001a815   Thumb Code   118  ble_nus.o(i.ble_nus_on_ble_evt)
    ble_srv_is_notification_enabled          0x0001a88b   Thumb Code     8  ble_srv_common.o(i.ble_srv_is_notification_enabled)
    bsp_board_button_idx_to_pin              0x0001a895   Thumb Code     6  boards.o(i.bsp_board_button_idx_to_pin)
    bsp_board_button_state_get               0x0001a8a1   Thumb Code    28  boards.o(i.bsp_board_button_state_get)
    bsp_board_pin_to_button_idx              0x0001a8c1   Thumb Code    30  boards.o(i.bsp_board_pin_to_button_idx)
    bsp_btn_ble_init                         0x0001a8e5   Thumb Code    52  bsp_btn_ble.o(i.bsp_btn_ble_init)
    bsp_btn_ble_sleep_mode_prepare           0x0001a91d   Thumb Code    30  bsp_btn_ble.o(i.bsp_btn_ble_sleep_mode_prepare)
    bsp_button_is_pressed                    0x0001a9cd   Thumb Code    12  bsp.o(i.bsp_button_is_pressed)
    bsp_event_handler                        0x0001a9d9   Thumb Code    66  main.o(i.bsp_event_handler)
    bsp_event_to_button_action_assign        0x0001aa25   Thumb Code    64  bsp.o(i.bsp_event_to_button_action_assign)
    bsp_indication_set                       0x0001aa69   Thumb Code     4  bsp.o(i.bsp_indication_set)
    bsp_init                                 0x0001aa6d   Thumb Code    82  bsp.o(i.bsp_init)
    bsp_wakeup_button_enable                 0x0001aacd   Thumb Code     6  bsp.o(i.bsp_wakeup_button_enable)
    buffer_is_empty                          0x0001ab99   Thumb Code    18  nrf_log_frontend.o(i.buffer_is_empty)
    characteristic_add                       0x0001ac55   Thumb Code   400  ble_srv_common.o(i.characteristic_add)
    conn_handle_list_get                     0x0001ae41   Thumb Code    62  ble_conn_state.o(i.conn_handle_list_get)
    convert                                  0x0001af55   Thumb Code    56  rhd2132_adc.o(i.convert)
    drv_rtc_compare_disable                  0x0001aff1   Thumb Code    20  drv_rtc.o(i.drv_rtc_compare_disable)
    drv_rtc_compare_pending                  0x0001b005   Thumb Code    14  drv_rtc.o(i.drv_rtc_compare_pending)
    drv_rtc_compare_set                      0x0001b013   Thumb Code    80  drv_rtc.o(i.drv_rtc_compare_set)
    drv_rtc_counter_get                      0x0001b063   Thumb Code     8  drv_rtc.o(i.drv_rtc_counter_get)
    drv_rtc_init                             0x0001b06d   Thumb Code   148  drv_rtc.o(i.drv_rtc_init)
    drv_rtc_irq_trigger                      0x0001b145   Thumb Code    30  drv_rtc.o(i.drv_rtc_irq_trigger)
    drv_rtc_overflow_enable                  0x0001b163   Thumb Code     8  drv_rtc.o(i.drv_rtc_overflow_enable)
    drv_rtc_overflow_pending                 0x0001b16b   Thumb Code     8  drv_rtc.o(i.drv_rtc_overflow_pending)
    drv_rtc_start                            0x0001b173   Thumb Code     8  drv_rtc.o(i.drv_rtc_start)
    drv_rtc_stop                             0x0001b17b   Thumb Code     8  drv_rtc.o(i.drv_rtc_stop)
    drv_rtc_windowed_compare_set             0x0001b183   Thumb Code   222  drv_rtc.o(i.drv_rtc_windowed_compare_set)
    evt_handle                               0x0001b275   Thumb Code   216  app_button.o(i.evt_handle)
    gatt_evt_handler                         0x0001b39d   Thumb Code    52  main.o(i.gatt_evt_handler)
    gatt_init                                0x0001b3f9   Thumb Code    38  main.o(i.gatt_init)
    init_rhd2132                             0x0001b499   Thumb Code   306  rhd2132_adc.o(i.init_rhd2132)
    log_pending_hook                         0x0001b72d   Thumb Code     2  nrf_log_frontend.o(i.log_pending_hook)
    main                                     0x0001b7d5   Thumb Code   558  main.o(i.main)
    nrf_atfifo_init                          0x0001bbfb   Thumb Code    38  nrf_atfifo.o(i.nrf_atfifo_init)
    nrf_atfifo_item_alloc                    0x0001bc21   Thumb Code    22  nrf_atfifo.o(i.nrf_atfifo_item_alloc)
    nrf_atfifo_item_free                     0x0001bc37   Thumb Code    22  nrf_atfifo.o(i.nrf_atfifo_item_free)
    nrf_atfifo_item_get                      0x0001bc4d   Thumb Code    22  nrf_atfifo.o(i.nrf_atfifo_item_get)
    nrf_atfifo_item_put                      0x0001bc63   Thumb Code    22  nrf_atfifo.o(i.nrf_atfifo_item_put)
    nrf_atflags_clear                        0x0001bc79   Thumb Code    22  nrf_atflags.o(i.nrf_atflags_clear)
    nrf_atflags_get                          0x0001bc8f   Thumb Code    22  nrf_atflags.o(i.nrf_atflags_get)
    nrf_atflags_set                          0x0001bca5   Thumb Code    20  nrf_atflags.o(i.nrf_atflags_set)
    nrf_atomic_flag_clear_fetch              0x0001bcb9   Thumb Code     6  nrf_atomic.o(i.nrf_atomic_flag_clear_fetch)
    nrf_atomic_flag_set                      0x0001bcbf   Thumb Code     6  nrf_atomic.o(i.nrf_atomic_flag_set)
    nrf_atomic_u32_add                       0x0001bcc5   Thumb Code    12  nrf_atomic.o(i.nrf_atomic_u32_add)
    nrf_atomic_u32_and                       0x0001bcd1   Thumb Code    12  nrf_atomic.o(i.nrf_atomic_u32_and)
    nrf_atomic_u32_fetch_and                 0x0001bcdd   Thumb Code    10  nrf_atomic.o(i.nrf_atomic_u32_fetch_and)
    nrf_atomic_u32_fetch_store               0x0001bce7   Thumb Code    10  nrf_atomic.o(i.nrf_atomic_u32_fetch_store)
    nrf_atomic_u32_or                        0x0001bcf1   Thumb Code    12  nrf_atomic.o(i.nrf_atomic_u32_or)
    nrf_atomic_u32_sub                       0x0001bcfd   Thumb Code    12  nrf_atomic.o(i.nrf_atomic_u32_sub)
    nrf_balloc_alloc                         0x0001bd09   Thumb Code    68  nrf_balloc.o(i.nrf_balloc_alloc)
    nrf_balloc_free                          0x0001bd4d   Thumb Code    48  nrf_balloc.o(i.nrf_balloc_free)
    nrf_ble_gatt_att_mtu_periph_set          0x0001bd8d   Thumb Code    24  nrf_ble_gatt.o(i.nrf_ble_gatt_att_mtu_periph_set)
    nrf_ble_gatt_init                        0x0001bda5   Thumb Code    34  nrf_ble_gatt.o(i.nrf_ble_gatt_init)
    nrf_ble_gatt_on_ble_evt                  0x0001bdc9   Thumb Code   184  nrf_ble_gatt.o(i.nrf_ble_gatt_on_ble_evt)
    nrf_ble_qwr_conn_handle_assign           0x0001bec1   Thumb Code    22  nrf_ble_qwr.o(i.nrf_ble_qwr_conn_handle_assign)
    nrf_ble_qwr_init                         0x0001bed7   Thumb Code    36  nrf_ble_qwr.o(i.nrf_ble_qwr_init)
    nrf_ble_qwr_on_ble_evt                   0x0001befb   Thumb Code   182  nrf_ble_qwr.o(i.nrf_ble_qwr_on_ble_evt)
    nrf_drv_clock_init                       0x0001bff1   Thumb Code    56  nrf_drv_clock.o(i.nrf_drv_clock_init)
    nrf_drv_clock_lfclk_release              0x0001c031   Thumb Code    48  nrf_drv_clock.o(i.nrf_drv_clock_lfclk_release)
    nrf_drv_spi_init                         0x0001c065   Thumb Code    30  nrf_drv_spi.o(i.nrf_drv_spi_init)
    nrf_fprintf                              0x0001c0a3   Thumb Code    26  nrf_fprintf.o(i.nrf_fprintf)
    nrf_fprintf_buffer_flush                 0x0001c0bd   Thumb Code    24  nrf_fprintf.o(i.nrf_fprintf_buffer_flush)
    nrf_fprintf_fmt                          0x0001c0d5   Thumb Code   474  nrf_fprintf_format.o(i.nrf_fprintf_fmt)
    nrf_log_backend_serial_put               0x0001c415   Thumb Code   200  nrf_log_backend_serial.o(i.nrf_log_backend_serial_put)
    nrf_log_color_id_get                     0x0001c4dd   Thumb Code    42  nrf_log_frontend.o(i.nrf_log_color_id_get)
    nrf_log_frontend_dequeue                 0x0001c50d   Thumb Code   528  nrf_log_frontend.o(i.nrf_log_frontend_dequeue)
    nrf_log_frontend_std_0                   0x0001c745   Thumb Code     8  nrf_log_frontend.o(i.nrf_log_frontend_std_0)
    nrf_log_frontend_std_1                   0x0001c74d   Thumb Code    14  nrf_log_frontend.o(i.nrf_log_frontend_std_1)
    nrf_log_frontend_std_2                   0x0001c75b   Thumb Code    16  nrf_log_frontend.o(i.nrf_log_frontend_std_2)
    nrf_log_hexdump_entry_process            0x0001c76d   Thumb Code   150  nrf_log_str_formatter.o(i.nrf_log_hexdump_entry_process)
    nrf_log_module_cnt_get                   0x0001c81d   Thumb Code    10  nrf_log_frontend.o(i.nrf_log_module_cnt_get)
    nrf_log_module_name_get                  0x0001c831   Thumb Code    24  nrf_log_frontend.o(i.nrf_log_module_name_get)
    nrf_log_panic                            0x0001c84d   Thumb Code    36  nrf_log_frontend.o(i.nrf_log_panic)
    nrf_log_std_entry_process                0x0001c875   Thumb Code   182  nrf_log_str_formatter.o(i.nrf_log_std_entry_process)
    nrf_memobj_alloc                         0x0001c92b   Thumb Code    96  nrf_memobj.o(i.nrf_memobj_alloc)
    nrf_memobj_free                          0x0001c98b   Thumb Code    50  nrf_memobj.o(i.nrf_memobj_free)
    nrf_memobj_get                           0x0001c9bd   Thumb Code     8  nrf_memobj.o(i.nrf_memobj_get)
    nrf_memobj_put                           0x0001c9c5   Thumb Code    30  nrf_memobj.o(i.nrf_memobj_put)
    nrf_memobj_read                          0x0001c9e3   Thumb Code    16  nrf_memobj.o(i.nrf_memobj_read)
    nrf_memobj_write                         0x0001c9f3   Thumb Code    16  nrf_memobj.o(i.nrf_memobj_write)
    nrf_pwr_mgmt_init                        0x0001ca05   Thumb Code    28  nrf_pwr_mgmt.o(i.nrf_pwr_mgmt_init)
    nrf_sdh_ble_app_ram_start_get            0x0001ca3d   Thumb Code    16  nrf_sdh_ble.o(i.nrf_sdh_ble_app_ram_start_get)
    nrf_sdh_ble_default_cfg_set              0x0001ca51   Thumb Code   264  nrf_sdh_ble.o(i.nrf_sdh_ble_default_cfg_set)
    nrf_sdh_ble_enable                       0x0001cb79   Thumb Code   116  nrf_sdh_ble.o(i.nrf_sdh_ble_enable)
    nrf_sdh_enable_request                   0x0001cd09   Thumb Code   102  nrf_sdh.o(i.nrf_sdh_enable_request)
    nrf_sdh_evts_poll                        0x0001cd7d   Thumb Code    32  nrf_sdh.o(i.nrf_sdh_evts_poll)
    nrf_sdh_is_enabled                       0x0001cda1   Thumb Code     6  nrf_sdh.o(i.nrf_sdh_is_enabled)
    nrf_section_iter_init                    0x0001cde9   Thumb Code    10  nrf_section_iter.o(i.nrf_section_iter_init)
    nrf_section_iter_next                    0x0001ce17   Thumb Code    32  nrf_section_iter.o(i.nrf_section_iter_next)
    nrf_sortlist_add                         0x0001ce37   Thumb Code    34  nrf_sortlist.o(i.nrf_sortlist_add)
    nrf_sortlist_peek                        0x0001ce59   Thumb Code     6  nrf_sortlist.o(i.nrf_sortlist_peek)
    nrf_sortlist_pop                         0x0001ce5f   Thumb Code    14  nrf_sortlist.o(i.nrf_sortlist_pop)
    nrf_sortlist_remove                      0x0001ce6d   Thumb Code    30  nrf_sortlist.o(i.nrf_sortlist_remove)
    nrf_strerror_find                        0x0001ce8d   Thumb Code    52  nrf_strerror.o(i.nrf_strerror_find)
    nrf_strerror_get                         0x0001cec5   Thumb Code    14  nrf_strerror.o(i.nrf_strerror_get)
    nrfx_clock_enable                        0x0001cee9   Thumb Code    34  nrfx_clock.o(i.nrfx_clock_enable)
    nrfx_clock_init                          0x0001cf15   Thumb Code    22  nrfx_clock.o(i.nrfx_clock_init)
    nrfx_clock_lfclk_stop                    0x0001cf31   Thumb Code    38  nrfx_clock.o(i.nrfx_clock_lfclk_stop)
    nrfx_gpiote_in_event_enable              0x0001cf71   Thumb Code   152  nrfx_gpiote.o(i.nrfx_gpiote_in_event_enable)
    nrfx_gpiote_in_init                      0x0001d011   Thumb Code   190  nrfx_gpiote.o(i.nrfx_gpiote_in_init)
    nrfx_gpiote_in_is_set                    0x0001d0dd   Thumb Code    20  nrfx_gpiote.o(i.nrfx_gpiote_in_is_set)
    nrfx_gpiote_init                         0x0001d0f1   Thumb Code   102  nrfx_gpiote.o(i.nrfx_gpiote_init)
    nrfx_gpiote_is_init                      0x0001d165   Thumb Code    14  nrfx_gpiote.o(i.nrfx_gpiote_is_init)
    nrfx_prs_acquire                         0x0001d179   Thumb Code    58  nrfx_prs.o(i.nrfx_prs_acquire)
    nrfx_spi_init                            0x0001d1b5   Thumb Code   398  nrfx_spi.o(i.nrfx_spi_init)
    nrfx_spi_xfer                            0x0001d34d   Thumb Code    96  nrfx_spi.o(i.nrfx_spi_xfer)
    nvmc_config                              0x0001d439   Thumb Code    14  system_nrf52.o(i.nvmc_config)
    reinit_rhd2132                           0x0001d841   Thumb Code   194  rhd2132_adc.o(i.reinit_rhd2132)
    rhd2132_write_register                   0x0001d909   Thumb Code    50  rhd2132_adc.o(i.rhd2132_write_register)
    spi                                      0x0001e2f8   Data          16  main.o(.constdata)
    nrf_log_backend_rtt_api                  0x0001e508   Data          12  nrf_log_backend_rtt.o(.constdata)
    m_ram_start                              0x0001e5a0   Data           4  nrf_sdh_ble.o(.constdata)
    __ctype_table                            0x0001e5cc   Data         129  ctype_o.o(.constdata)
    Region$$Table$$Base                      0x0001ed24   Number         0  anon$$obj.o(Region$$Table)
    Region$$Table$$Limit                     0x0001ed44   Number         0  anon$$obj.o(Region$$Table)
    log_const_data$$Base                     0x0001ed54   Number         0  nrf_ble_gatt.o(log_const_data)
    m_nrf_log_nrf_ble_gatt_logs_data_const   0x0001ed54   Data           8  nrf_ble_gatt.o(log_const_data)
    m_nrf_log_ble_nus_logs_data_const        0x0001ed5c   Data           8  ble_nus.o(log_const_data)
    m_nrf_log_clock_logs_data_const          0x0001ed64   Data           8  nrf_drv_clock.o(log_const_data)
    m_nrf_log_CLOCK_logs_data_const          0x0001ed6c   Data           8  nrfx_clock.o(log_const_data)
    m_nrf_log_GPIOTE_logs_data_const         0x0001ed74   Data           8  nrfx_gpiote.o(log_const_data)
    m_nrf_log_PRS_logs_data_const            0x0001ed7c   Data           8  nrfx_prs.o(log_const_data)
    m_nrf_log_UART_logs_data_const           0x0001ed84   Data           8  nrfx_uart.o(log_const_data)
    m_nrf_log_UARTE_logs_data_const          0x0001ed8c   Data           8  nrfx_uarte.o(log_const_data)
    m_nrf_log_SPI_logs_data_const            0x0001ed94   Data           8  nrfx_spi.o(log_const_data)
    m_nrf_log_app_button_logs_data_const     0x0001ed9c   Data           8  app_button.o(log_const_data)
    m_nrf_log_app_timer_logs_data_const      0x0001eda4   Data           8  app_timer2.o(log_const_data)
    m_nrf_log_pwr_mgmt_logs_data_const       0x0001edac   Data           8  nrf_pwr_mgmt.o(log_const_data)
    m_nrf_log_sortlist_logs_data_const       0x0001edb4   Data           8  nrf_sortlist.o(log_const_data)
    m_nrf_log_app_logs_data_const            0x0001edbc   Data           8  nrf_log_frontend.o(log_const_data)
    m_nrf_log_nrf_sdh_logs_data_const        0x0001edc4   Data           8  nrf_sdh.o(log_const_data)
    m_nrf_log_nrf_sdh_ble_logs_data_const    0x0001edcc   Data           8  nrf_sdh_ble.o(log_const_data)
    m_nrf_log_nrf_sdh_soc_logs_data_const    0x0001edd4   Data           8  nrf_sdh_soc.o(log_const_data)
    log_const_data$$Limit                    0x0001eddc   Number         0  nrf_sdh_soc.o(log_const_data)
    log_mempool                              0x0001eddc   Data          20  nrf_log_frontend.o(nrf_balloc)
    sdh_ble_observers0$$Base                 0x0001edf0   Number         0  ble_conn_state.o(sdh_ble_observers0)
    sdh_ble_observers0$$Limit                0x0001edf8   Number         0  ble_conn_state.o(sdh_ble_observers0)
    sdh_ble_observers1$$Base                 0x0001edf8   Number         0  main.o(sdh_ble_observers1)
    sdh_ble_observers1$$Limit                0x0001ee18   Number         0  ble_conn_params.o(sdh_ble_observers1)
    sdh_ble_observers2$$Base                 0x0001ee18   Number         0  main.o(sdh_ble_observers2)
    sdh_ble_observers2$$Limit                0x0001ee28   Number         0  main.o(sdh_ble_observers2)
    sdh_ble_observers3$$Base                 0x0001ee28   Number         0  main.o(sdh_ble_observers3)
    sdh_ble_observers3$$Limit                0x0001ee30   Number         0  main.o(sdh_ble_observers3)
    sdh_soc_observers0$$Base                 0x0001ee30   Number         0  nrf_drv_clock.o(sdh_soc_observers0)
    sdh_soc_observers0$$Limit                0x0001ee38   Number         0  nrf_drv_clock.o(sdh_soc_observers0)
    sdh_stack_observers0$$Base               0x0001ee38   Number         0  nrf_sdh_ble.o(sdh_stack_observers0)
    sdh_stack_observers0$$Limit              0x0001ee48   Number         0  nrf_sdh_soc.o(sdh_stack_observers0)
    sdh_state_observers0$$Base               0x0001ee48   Number         0  nrf_drv_clock.o(sdh_state_observers0)
    sdh_state_observers0$$Limit              0x0001ee50   Number         0  nrf_drv_clock.o(sdh_state_observers0)
    Image$$RW_IRAM1$$Base                    0x20002b00   Number         0  anon$$obj.o ABSOLUTE
    frame_counter                            0x20002b40   Data           1  main.o(.data)
    adc_channels_enabled                     0x20002b41   Data           1  main.o(.data)
    rx_index                                 0x20002b42   Data           1  main.o(.data)
    need_restart                             0x20002b43   Data           1  main.o(.data)
    hardware_busy                            0x20002b44   Data           1  main.o(.data)
    frame_len                                0x20002b45   Data           1  main.o(.data)
    channel_cnt                              0x20002b46   Data           1  main.o(.data)
    spi_xfer_done                            0x20002b47   Data           1  main.o(.data)
    lenght                                   0x20002b48   Data           2  main.o(.data)
    adc_timer_devider                        0x20002b4a   Data           2  main.o(.data)
    new_adc_config                           0x20002b54   Data           4  main.o(.data)
    spi2_tx_data_8                           0x20002b88   Data           2  rhd2132_adc.o(.data)
    spi2_rx_data_8                           0x20002b8a   Data           2  rhd2132_adc.o(.data)
    spi2_tx_data                             0x20002b8c   Data           2  rhd2132_adc.o(.data)
    code                                     0x20002b90   Data           4  rhd2132_adc.o(.data)
    up_band                                  0x20002b94   Data         136  rhd2132_adc.o(.data)
    low_band                                 0x20002c1c   Data         175  rhd2132_adc.o(.data)
    SystemCoreClock                          0x20002df4   Data           4  system_nrf52.o(.data)
    adc_config                               0x20002df8   Data          24  main.o(.bss)
    test_channel_data                        0x20002e10   Data         256  main.o(.bss)
    data_array                               0x20002f10   Data         244  main.o(.bss)
    nrf_nvic_state                           0x20003308   Data          12  app_util_platform.o(.bss)
    _SEGGER_RTT                              0x20003840   Data         120  segger_rtt.o(.bss)
    __initial_sp                             0x200042c8   Data           0  arm_startup_nrf52805.o(STACK)



==============================================================================

Memory Map of the image

  Image Entry point : 0x00019201

  Load Region LR_IROM1 (Base: 0x00019000, Size: 0x00006148, Max: 0x00017000, ABSOLUTE, COMPRESSED[0x00005fac])

    Execution Region ER_IROM1 (Exec base: 0x00019000, Load base: 0x00019000, Size: 0x00005e50, Max: 0x00017000, ABSOLUTE)

    Exec Addr    Load Addr    Size         Type   Attr      Idx    E Section Name        Object

    0x00019000   0x00019000   0x00000200   Data   RO         5295    RESET               arm_startup_nrf52805.o
    0x00019200   0x00019200   0x00000000   Code   RO         5367  * .ARM.Collect$$$$00000000  mc_w.l(entry.o)
    0x00019200   0x00019200   0x00000004   Code   RO         5412    .ARM.Collect$$$$00000001  mc_w.l(entry2.o)
    0x00019204   0x00019204   0x00000004   Code   RO         5415    .ARM.Collect$$$$00000004  mc_w.l(entry5.o)
    0x00019208   0x00019208   0x00000000   Code   RO         5417    .ARM.Collect$$$$00000008  mc_w.l(entry7b.o)
    0x00019208   0x00019208   0x00000000   Code   RO         5419    .ARM.Collect$$$$0000000A  mc_w.l(entry8b.o)
    0x00019208   0x00019208   0x00000008   Code   RO         5420    .ARM.Collect$$$$0000000B  mc_w.l(entry9a.o)
    0x00019210   0x00019210   0x00000000   Code   RO         5422    .ARM.Collect$$$$0000000D  mc_w.l(entry10a.o)
    0x00019210   0x00019210   0x00000000   Code   RO         5424    .ARM.Collect$$$$0000000F  mc_w.l(entry11a.o)
    0x00019210   0x00019210   0x00000004   Code   RO         5413    .ARM.Collect$$$$00002712  mc_w.l(entry2.o)
    0x00019214   0x00019214   0x000000c8   Code   RO         3690    .emb_text           nrf_atfifo.o
    0x000192dc   0x000192dc   0x000000e2   Code   RO         3826    .emb_text           nrf_atomic.o
    0x000193be   0x000193be   0x00000002   PAD
    0x000193c0   0x000193c0   0x00000024   Code   RO         5296    .text               arm_startup_nrf52805.o
    0x000193e4   0x000193e4   0x0000001e   Code   RO         5370    .text               mc_w.l(llshl.o)
    0x00019402   0x00019402   0x00000002   PAD
    0x00019404   0x00019404   0x00000008   Code   RO         5372    .text               mc_w.l(ctype_o.o)
    0x0001940c   0x0001940c   0x00000024   Code   RO         5400    .text               mc_w.l(memcpya.o)
    0x00019430   0x00019430   0x00000024   Code   RO         5402    .text               mc_w.l(memseta.o)
    0x00019454   0x00019454   0x0000000e   Code   RO         5404    .text               mc_w.l(strlen.o)
    0x00019462   0x00019462   0x00000002   PAD
    0x00019464   0x00019464   0x00000024   Code   RO         5426    .text               mc_w.l(init.o)
    0x00019488   0x00019488   0x00000056   Code   RO         5436    .text               mc_w.l(__dczerorl2.o)
    0x000194de   0x000194de   0x00000002   PAD
    0x000194e0   0x000194e0   0x000000a4   Code   RO         2003    i.GPIOTE_IRQHandler  nrfx_gpiote.o
    0x00019584   0x00019584   0x00000050   Code   RO         1864    i.POWER_CLOCK_IRQHandler  nrfx_clock.o
    0x000195d4   0x000195d4   0x00000010   Code   RO         3476    i.RTC1_IRQHandler   drv_rtc.o
    0x000195e4   0x000195e4   0x0000005c   Code   RO         4849    i.SEGGER_RTT_WriteNoLock  segger_rtt.o
    0x00019640   0x00019640   0x00000044   Code   RO         2744    i.SPIM0_SPIS0_SPI0_IRQHandler  nrfx_spi.o
    0x00019684   0x00019684   0x00000004   Code   RO         5086    i.SWI2_IRQHandler   nrf_sdh.o
    0x00019688   0x00019688   0x00000184   Code   RO         5304    i.SystemInit        system_nrf52.o
    0x0001980c   0x0001980c   0x0000000c   Code   RO         2308    i.UARTE0_UART0_IRQHandler  nrfx_prs.o
    0x00019818   0x00019818   0x00000016   Code   RO         4854    i._GetAvailWriteSpace  segger_rtt.o
    0x0001982e   0x0001982e   0x0000005a   Code   RO         4856    i._WriteBlocking    segger_rtt.o
    0x00019888   0x00019888   0x00000042   Code   RO         4857    i._WriteNoCheck     segger_rtt.o
    0x000198ca   0x000198ca   0x0000000e   Code   RO         5430    i.__scatterload_copy  mc_w.l(handlers.o)
    0x000198d8   0x000198d8   0x00000002   Code   RO         5431    i.__scatterload_null  mc_w.l(handlers.o)
    0x000198da   0x000198da   0x0000000e   Code   RO         5432    i.__scatterload_zeroinit  mc_w.l(handlers.o)
    0x000198e8   0x000198e8   0x00000024   Code   RO         5087    i.__sd_nvic_app_accessible_irq  nrf_sdh.o
    0x0001990c   0x0001990c   0x0000009c   Code   RO            4    i.adc_timer_handler  main.o
    0x000199a8   0x000199a8   0x00000008   Code   RO          918    i.adv_set_data_size_max_get  ble_advertising.o
    0x000199b0   0x000199b0   0x00000036   Code   RO          702    i.advertising_buttons_configure  bsp_btn_ble.o
    0x000199e6   0x000199e6   0x00000002   PAD
    0x000199e8   0x000199e8   0x00000024   Code   RO         2857    i.app_button_enable  app_button.o
    0x00019a0c   0x00019a0c   0x00000080   Code   RO         2858    i.app_button_init   app_button.o
    0x00019a8c   0x00019a8c   0x00000084   Code   RO         3015    i.app_error_fault_handler  app_error_weak.o
    0x00019b10   0x00019b10   0x00000016   Code   RO         2955    i.app_error_handler_bare  app_error.o
    0x00019b26   0x00019b26   0x00000002   PAD
    0x00019b28   0x00019b28   0x0000000c   Code   RO         3193    i.app_timer_cnt_get  app_timer2.o
    0x00019b34   0x00019b34   0x00000020   Code   RO         3194    i.app_timer_create  app_timer2.o
    0x00019b54   0x00019b54   0x0000005c   Code   RO         3195    i.app_timer_init    app_timer2.o
    0x00019bb0   0x00019bb0   0x00000054   Code   RO         3198    i.app_timer_start   app_timer2.o
    0x00019c04   0x00019c04   0x00000044   Code   RO         3199    i.app_timer_stop    app_timer2.o
    0x00019c48   0x00019c48   0x00000048   Code   RO         3408    i.app_util_critical_region_enter  app_util_platform.o
    0x00019c90   0x00019c90   0x00000034   Code   RO         3409    i.app_util_critical_region_exit  app_util_platform.o
    0x00019cc4   0x00019cc4   0x00000048   Code   RO         1264    i.blcm_link_ctx_get  ble_link_ctx_manager.o
    0x00019d0c   0x00019d0c   0x00000182   Code   RO          812    i.ble_advdata_encode  ble_advdata.o
    0x00019e8e   0x00019e8e   0x00000020   Code   RO          814    i.ble_advdata_parse  ble_advdata.o
    0x00019eae   0x00019eae   0x00000046   Code   RO          815    i.ble_advdata_search  ble_advdata.o
    0x00019ef4   0x00019ef4   0x00000006   Code   RO          920    i.ble_advertising_conn_cfg_tag_set  ble_advertising.o
    0x00019efa   0x00019efa   0x000000f8   Code   RO          921    i.ble_advertising_init  ble_advertising.o
    0x00019ff2   0x00019ff2   0x0000006a   Code   RO          923    i.ble_advertising_on_ble_evt  ble_advertising.o
    0x0001a05c   0x0001a05c   0x0000003a   Code   RO          925    i.ble_advertising_restart_without_whitelist  ble_advertising.o
    0x0001a096   0x0001a096   0x00000202   Code   RO          926    i.ble_advertising_start  ble_advertising.o
    0x0001a298   0x0001a298   0x00000068   Code   RO         1021    i.ble_conn_params_init  ble_conn_params.o
    0x0001a300   0x0001a300   0x00000012   Code   RO         1096    i.ble_conn_state_conn_idx  ble_conn_state.o
    0x0001a312   0x0001a312   0x00000002   PAD
    0x0001a314   0x0001a314   0x00000014   Code   RO         1110    i.ble_conn_state_valid  ble_conn_state.o
    0x0001a328   0x0001a328   0x00000060   Code   RO          818    i.ble_device_addr_encode  ble_advdata.o
    0x0001a388   0x0001a388   0x000000dc   Code   RO            6    i.ble_evt_handler   main.o
    0x0001a464   0x0001a464   0x00000070   Code   RO          703    i.ble_evt_handler   bsp_btn_ble.o
    0x0001a4d4   0x0001a4d4   0x000000fc   Code   RO         1023    i.ble_evt_handler   ble_conn_params.o
    0x0001a5d0   0x0001a5d0   0x00000108   Code   RO         1111    i.ble_evt_handler   ble_conn_state.o
    0x0001a6d8   0x0001a6d8   0x00000066   Code   RO         1461    i.ble_nus_data_send  ble_nus.o
    0x0001a73e   0x0001a73e   0x00000002   PAD
    0x0001a740   0x0001a740   0x000000d4   Code   RO         1462    i.ble_nus_init      ble_nus.o
    0x0001a814   0x0001a814   0x00000076   Code   RO         1463    i.ble_nus_on_ble_evt  ble_nus.o
    0x0001a88a   0x0001a88a   0x00000008   Code   RO         1290    i.ble_srv_is_notification_enabled  ble_srv_common.o
    0x0001a892   0x0001a892   0x00000002   PAD
    0x0001a894   0x0001a894   0x0000000c   Code   RO          560    i.bsp_board_button_idx_to_pin  boards.o
    0x0001a8a0   0x0001a8a0   0x00000020   Code   RO          561    i.bsp_board_button_state_get  boards.o
    0x0001a8c0   0x0001a8c0   0x00000024   Code   RO          563    i.bsp_board_pin_to_button_idx  boards.o
    0x0001a8e4   0x0001a8e4   0x00000038   Code   RO          704    i.bsp_btn_ble_init  bsp_btn_ble.o
    0x0001a91c   0x0001a91c   0x0000001e   Code   RO          705    i.bsp_btn_ble_sleep_mode_prepare  bsp_btn_ble.o
    0x0001a93a   0x0001a93a   0x00000002   PAD
    0x0001a93c   0x0001a93c   0x00000090   Code   RO          607    i.bsp_button_event_handler  bsp.o
    0x0001a9cc   0x0001a9cc   0x0000000c   Code   RO          608    i.bsp_button_is_pressed  bsp.o
    0x0001a9d8   0x0001a9d8   0x0000004c   Code   RO            7    i.bsp_event_handler  main.o
    0x0001aa24   0x0001aa24   0x00000044   Code   RO          611    i.bsp_event_to_button_action_assign  bsp.o
    0x0001aa68   0x0001aa68   0x00000004   Code   RO          612    i.bsp_indication_set  bsp.o
    0x0001aa6c   0x0001aa6c   0x00000060   Code   RO          613    i.bsp_init          bsp.o
    0x0001aacc   0x0001aacc   0x00000006   Code   RO          615    i.bsp_wakeup_button_enable  bsp.o
    0x0001aad2   0x0001aad2   0x00000002   PAD
    0x0001aad4   0x0001aad4   0x00000094   Code   RO         4583    i.buf_prealloc      nrf_log_frontend.o
    0x0001ab68   0x0001ab68   0x0000002e   Code   RO         4038    i.buffer_add        nrf_fprintf_format.o
    0x0001ab96   0x0001ab96   0x00000002   PAD
    0x0001ab98   0x0001ab98   0x00000018   Code   RO         4584    i.buffer_is_empty   nrf_log_frontend.o
    0x0001abb0   0x0001abb0   0x00000028   Code   RO         2860    i.button_get        app_button.o
    0x0001abd8   0x0001abd8   0x00000008   Code   RO          616    i.button_timer_handler  bsp.o
    0x0001abe0   0x0001abe0   0x0000001c   Code   RO         2004    i.channel_free      nrfx_gpiote.o
    0x0001abfc   0x0001abfc   0x00000048   Code   RO         2005    i.channel_port_alloc  nrfx_gpiote.o
    0x0001ac44   0x0001ac44   0x00000010   Code   RO         2006    i.channel_port_get  nrfx_gpiote.o
    0x0001ac54   0x0001ac54   0x00000190   Code   RO         1292    i.characteristic_add  ble_srv_common.o
    0x0001ade4   0x0001ade4   0x00000028   Code   RO         1519    i.clock_clk_started_notify  nrf_drv_clock.o
    0x0001ae0c   0x0001ae0c   0x0000001c   Code   RO         1520    i.clock_irq_handler  nrf_drv_clock.o
    0x0001ae28   0x0001ae28   0x00000018   Code   RO         3201    i.compare_func      app_timer2.o
    0x0001ae40   0x0001ae40   0x0000003e   Code   RO         1112    i.conn_handle_list_get  ble_conn_state.o
    0x0001ae7e   0x0001ae7e   0x00000088   Code   RO          819    i.conn_int_encode   ble_advdata.o
    0x0001af06   0x0001af06   0x00000004   Code   RO            8    i.conn_params_error_handler  main.o
    0x0001af0a   0x0001af0a   0x00000002   PAD
    0x0001af0c   0x0001af0c   0x00000048   Code   RO         1024    i.conn_params_negotiation  ble_conn_params.o
    0x0001af54   0x0001af54   0x00000040   Code   RO          455    i.convert           rhd2132_adc.o
    0x0001af94   0x0001af94   0x00000048   Code   RO         2861    i.detection_delay_timeout_handler  app_button.o
    0x0001afdc   0x0001afdc   0x00000014   Code   RO         4585    i.dropped_sat16_get  nrf_log_frontend.o
    0x0001aff0   0x0001aff0   0x00000014   Code   RO         3477    i.drv_rtc_compare_disable  drv_rtc.o
    0x0001b004   0x0001b004   0x0000000e   Code   RO         3480    i.drv_rtc_compare_pending  drv_rtc.o
    0x0001b012   0x0001b012   0x00000050   Code   RO         3481    i.drv_rtc_compare_set  drv_rtc.o
    0x0001b062   0x0001b062   0x00000008   Code   RO         3482    i.drv_rtc_counter_get  drv_rtc.o
    0x0001b06a   0x0001b06a   0x00000002   PAD
    0x0001b06c   0x0001b06c   0x000000d8   Code   RO         3483    i.drv_rtc_init      drv_rtc.o
    0x0001b144   0x0001b144   0x0000001e   Code   RO         3484    i.drv_rtc_irq_trigger  drv_rtc.o
    0x0001b162   0x0001b162   0x00000008   Code   RO         3486    i.drv_rtc_overflow_enable  drv_rtc.o
    0x0001b16a   0x0001b16a   0x00000008   Code   RO         3487    i.drv_rtc_overflow_pending  drv_rtc.o
    0x0001b172   0x0001b172   0x00000008   Code   RO         3488    i.drv_rtc_start     drv_rtc.o
    0x0001b17a   0x0001b17a   0x00000008   Code   RO         3489    i.drv_rtc_stop      drv_rtc.o
    0x0001b182   0x0001b182   0x000000de   Code   RO         3494    i.drv_rtc_windowed_compare_set  drv_rtc.o
    0x0001b260   0x0001b260   0x00000012   Code   RO         3495    i.evt_enable        drv_rtc.o
    0x0001b272   0x0001b272   0x00000002   PAD
    0x0001b274   0x0001b274   0x000000e0   Code   RO         2862    i.evt_handle        app_button.o
    0x0001b354   0x0001b354   0x00000014   Code   RO         3496    i.evt_pending       drv_rtc.o
    0x0001b368   0x0001b368   0x0000000a   Code   RO         1113    i.flag_toggle       ble_conn_state.o
    0x0001b372   0x0001b372   0x00000028   Code   RO          928    i.flags_set         ble_advertising.o
    0x0001b39a   0x0001b39a   0x00000002   PAD
    0x0001b39c   0x0001b39c   0x0000005c   Code   RO            9    i.gatt_evt_handler  main.o
    0x0001b3f8   0x0001b3f8   0x00000030   Code   RO           10    i.gatt_init         main.o
    0x0001b428   0x0001b428   0x00000034   Code   RO         3202    i.get_now           app_timer2.o
    0x0001b45c   0x0001b45c   0x0000003c   Code   RO         2863    i.gpiote_event_handler  app_button.o
    0x0001b498   0x0001b498   0x00000138   Code   RO          456    i.init_rhd2132      rhd2132_adc.o
    0x0001b5d0   0x0001b5d0   0x00000014   Code   RO         1025    i.instance_get      ble_conn_params.o
    0x0001b5e4   0x0001b5e4   0x000000a6   Code   RO         4039    i.int_print         nrf_fprintf_format.o
    0x0001b68a   0x0001b68a   0x00000034   Code   RO         4586    i.invalid_packets_omit  nrf_log_frontend.o
    0x0001b6be   0x0001b6be   0x00000044   Code   RO         1026    i.is_conn_params_ok  ble_conn_params.o
    0x0001b702   0x0001b702   0x0000001a   Code   RO           11    i.led_timer_handler  main.o
    0x0001b71c   0x0001b71c   0x00000010   Code   RO         1350    i.link_init         nrf_ble_gatt.o
    0x0001b72c   0x0001b72c   0x00000002   Code   RO         4587    i.log_pending_hook  nrf_log_frontend.o
    0x0001b72e   0x0001b72e   0x00000002   PAD
    0x0001b730   0x0001b730   0x000000a4   Code   RO         4588    i.log_skip          nrf_log_frontend.o
    0x0001b7d4   0x0001b7d4   0x0000026c   Code   RO           12    i.main              main.o
    0x0001ba40   0x0001ba40   0x00000064   Code   RO          820    i.manuf_specific_data_encode  ble_advdata.o
    0x0001baa4   0x0001baa4   0x0000007e   Code   RO         4078    i.memobj_op         nrf_memobj.o
    0x0001bb22   0x0001bb22   0x00000002   PAD
    0x0001bb24   0x0001bb24   0x00000030   Code   RO         4589    i.module_idx_get    nrf_log_frontend.o
    0x0001bb54   0x0001bb54   0x000000a6   Code   RO          821    i.name_encode       ble_advdata.o
    0x0001bbfa   0x0001bbfa   0x00000026   Code   RO         3694    i.nrf_atfifo_init   nrf_atfifo.o
    0x0001bc20   0x0001bc20   0x00000016   Code   RO         3695    i.nrf_atfifo_item_alloc  nrf_atfifo.o
    0x0001bc36   0x0001bc36   0x00000016   Code   RO         3696    i.nrf_atfifo_item_free  nrf_atfifo.o
    0x0001bc4c   0x0001bc4c   0x00000016   Code   RO         3697    i.nrf_atfifo_item_get  nrf_atfifo.o
    0x0001bc62   0x0001bc62   0x00000016   Code   RO         3698    i.nrf_atfifo_item_put  nrf_atfifo.o
    0x0001bc78   0x0001bc78   0x00000016   Code   RO         3760    i.nrf_atflags_clear  nrf_atflags.o
    0x0001bc8e   0x0001bc8e   0x00000016   Code   RO         3765    i.nrf_atflags_get   nrf_atflags.o
    0x0001bca4   0x0001bca4   0x00000014   Code   RO         3767    i.nrf_atflags_set   nrf_atflags.o
    0x0001bcb8   0x0001bcb8   0x00000006   Code   RO         3828    i.nrf_atomic_flag_clear_fetch  nrf_atomic.o
    0x0001bcbe   0x0001bcbe   0x00000006   Code   RO         3829    i.nrf_atomic_flag_set  nrf_atomic.o
    0x0001bcc4   0x0001bcc4   0x0000000c   Code   RO         3831    i.nrf_atomic_u32_add  nrf_atomic.o
    0x0001bcd0   0x0001bcd0   0x0000000c   Code   RO         3832    i.nrf_atomic_u32_and  nrf_atomic.o
    0x0001bcdc   0x0001bcdc   0x0000000a   Code   RO         3835    i.nrf_atomic_u32_fetch_and  nrf_atomic.o
    0x0001bce6   0x0001bce6   0x0000000a   Code   RO         3837    i.nrf_atomic_u32_fetch_store  nrf_atomic.o
    0x0001bcf0   0x0001bcf0   0x0000000c   Code   RO         3841    i.nrf_atomic_u32_or  nrf_atomic.o
    0x0001bcfc   0x0001bcfc   0x0000000c   Code   RO         3843    i.nrf_atomic_u32_sub  nrf_atomic.o
    0x0001bd08   0x0001bd08   0x00000044   Code   RO         3962    i.nrf_balloc_alloc  nrf_balloc.o
    0x0001bd4c   0x0001bd4c   0x00000030   Code   RO         3963    i.nrf_balloc_free   nrf_balloc.o
    0x0001bd7c   0x0001bd7c   0x00000010   Code   RO         2007    i.nrf_bitmask_bit_is_set  nrfx_gpiote.o
    0x0001bd8c   0x0001bd8c   0x00000018   Code   RO         1352    i.nrf_ble_gatt_att_mtu_periph_set  nrf_ble_gatt.o
    0x0001bda4   0x0001bda4   0x00000022   Code   RO         1354    i.nrf_ble_gatt_init  nrf_ble_gatt.o
    0x0001bdc6   0x0001bdc6   0x00000002   PAD
    0x0001bdc8   0x0001bdc8   0x000000f8   Code   RO         1355    i.nrf_ble_gatt_on_ble_evt  nrf_ble_gatt.o
    0x0001bec0   0x0001bec0   0x00000016   Code   RO         1420    i.nrf_ble_qwr_conn_handle_assign  nrf_ble_qwr.o
    0x0001bed6   0x0001bed6   0x00000024   Code   RO         1421    i.nrf_ble_qwr_init  nrf_ble_qwr.o
    0x0001befa   0x0001befa   0x000000b6   Code   RO         1422    i.nrf_ble_qwr_on_ble_evt  nrf_ble_qwr.o
    0x0001bfb0   0x0001bfb0   0x0000000e   Code   RO         1865    i.nrf_clock_event_check  nrfx_clock.o
    0x0001bfbe   0x0001bfbe   0x00000010   Code   RO         1866    i.nrf_clock_event_clear  nrfx_clock.o
    0x0001bfce   0x0001bfce   0x00000002   PAD
    0x0001bfd0   0x0001bfd0   0x00000020   Code   RO           13    i.nrf_delay_ms      main.o
    0x0001bff0   0x0001bff0   0x00000040   Code   RO         1527    i.nrf_drv_clock_init  nrf_drv_clock.o
    0x0001c030   0x0001c030   0x00000034   Code   RO         1531    i.nrf_drv_clock_lfclk_release  nrf_drv_clock.o
    0x0001c064   0x0001c064   0x00000028   Code   RO         2710    i.nrf_drv_spi_init  nrf_drv_spi.o
    0x0001c08c   0x0001c08c   0x00000016   Code   RO          457    i.nrf_drv_spi_transfer  rhd2132_adc.o
    0x0001c0a2   0x0001c0a2   0x0000001a   Code   RO         3999    i.nrf_fprintf       nrf_fprintf.o
    0x0001c0bc   0x0001c0bc   0x00000018   Code   RO         4000    i.nrf_fprintf_buffer_flush  nrf_fprintf.o
    0x0001c0d4   0x0001c0d4   0x000001da   Code   RO         4040    i.nrf_fprintf_fmt   nrf_fprintf_format.o
    0x0001c2ae   0x0001c2ae   0x00000024   Code   RO           14    i.nrf_gpio_cfg      main.o
    0x0001c2d2   0x0001c2d2   0x00000024   Code   RO         2008    i.nrf_gpio_cfg      nrfx_gpiote.o
    0x0001c2f6   0x0001c2f6   0x00000024   Code   RO         2745    i.nrf_gpio_cfg      nrfx_spi.o
    0x0001c31a   0x0001c31a   0x00000010   Code   RO          458    i.nrf_gpio_cfg_output  rhd2132_adc.o
    0x0001c32a   0x0001c32a   0x00000014   Code   RO         2746    i.nrf_gpio_cfg_output  nrfx_spi.o
    0x0001c33e   0x0001c33e   0x00000022   Code   RO         2010    i.nrf_gpio_cfg_sense_set  nrfx_gpiote.o
    0x0001c360   0x0001c360   0x0000002c   Code   RO         2011    i.nrf_gpio_latches_read_and_clear  nrfx_gpiote.o
    0x0001c38c   0x0001c38c   0x0000000e   Code   RO          459    i.nrf_gpio_pin_clear  rhd2132_adc.o
    0x0001c39a   0x0001c39a   0x0000001e   Code   RO         2012    i.nrf_gpio_pin_present_check  nrfx_gpiote.o
    0x0001c3b8   0x0001c3b8   0x0000000e   Code   RO          460    i.nrf_gpio_pin_set  rhd2132_adc.o
    0x0001c3c6   0x0001c3c6   0x0000000e   Code   RO         2747    i.nrf_gpio_pin_set  nrfx_spi.o
    0x0001c3d4   0x0001c3d4   0x00000014   Code   RO         2013    i.nrf_gpiote_event_clear  nrfx_gpiote.o
    0x0001c3e8   0x0001c3e8   0x00000010   Code   RO         2014    i.nrf_gpiote_event_is_set  nrfx_gpiote.o
    0x0001c3f8   0x0001c3f8   0x00000002   Code   RO         4447    i.nrf_log_backend_rtt_flush  nrf_log_backend_rtt.o
    0x0001c3fa   0x0001c3fa   0x00000002   Code   RO         4449    i.nrf_log_backend_rtt_panic_set  nrf_log_backend_rtt.o
    0x0001c3fc   0x0001c3fc   0x00000018   Code   RO         4450    i.nrf_log_backend_rtt_put  nrf_log_backend_rtt.o
    0x0001c414   0x0001c414   0x000000c8   Code   RO         4513    i.nrf_log_backend_serial_put  nrf_log_backend_serial.o
    0x0001c4dc   0x0001c4dc   0x00000030   Code   RO         4592    i.nrf_log_color_id_get  nrf_log_frontend.o
    0x0001c50c   0x0001c50c   0x00000238   Code   RO         4593    i.nrf_log_frontend_dequeue  nrf_log_frontend.o
    0x0001c744   0x0001c744   0x00000008   Code   RO         4595    i.nrf_log_frontend_std_0  nrf_log_frontend.o
    0x0001c74c   0x0001c74c   0x0000000e   Code   RO         4596    i.nrf_log_frontend_std_1  nrf_log_frontend.o
    0x0001c75a   0x0001c75a   0x00000010   Code   RO         4597    i.nrf_log_frontend_std_2  nrf_log_frontend.o
    0x0001c76a   0x0001c76a   0x00000002   PAD
    0x0001c76c   0x0001c76c   0x000000b0   Code   RO         4776    i.nrf_log_hexdump_entry_process  nrf_log_str_formatter.o
    0x0001c81c   0x0001c81c   0x00000014   Code   RO         4603    i.nrf_log_module_cnt_get  nrf_log_frontend.o
    0x0001c830   0x0001c830   0x0000001c   Code   RO         4606    i.nrf_log_module_name_get  nrf_log_frontend.o
    0x0001c84c   0x0001c84c   0x00000028   Code   RO         4607    i.nrf_log_panic     nrf_log_frontend.o
    0x0001c874   0x0001c874   0x000000b6   Code   RO         4777    i.nrf_log_std_entry_process  nrf_log_str_formatter.o
    0x0001c92a   0x0001c92a   0x00000060   Code   RO         4079    i.nrf_memobj_alloc  nrf_memobj.o
    0x0001c98a   0x0001c98a   0x00000032   Code   RO         4080    i.nrf_memobj_free   nrf_memobj.o
    0x0001c9bc   0x0001c9bc   0x00000008   Code   RO         4081    i.nrf_memobj_get    nrf_memobj.o
    0x0001c9c4   0x0001c9c4   0x0000001e   Code   RO         4083    i.nrf_memobj_put    nrf_memobj.o
    0x0001c9e2   0x0001c9e2   0x00000010   Code   RO         4084    i.nrf_memobj_read   nrf_memobj.o
    0x0001c9f2   0x0001c9f2   0x00000010   Code   RO         4085    i.nrf_memobj_write  nrf_memobj.o
    0x0001ca02   0x0001ca02   0x00000002   PAD
    0x0001ca04   0x0001ca04   0x00000028   Code   RO         4157    i.nrf_pwr_mgmt_init  nrf_pwr_mgmt.o
    0x0001ca2c   0x0001ca2c   0x00000004   Code   RO           15    i.nrf_qwr_error_handler  main.o
    0x0001ca30   0x0001ca30   0x0000000c   Code   RO         3497    i.nrf_rtc_event_clear  drv_rtc.o
    0x0001ca3c   0x0001ca3c   0x00000014   Code   RO         5207    i.nrf_sdh_ble_app_ram_start_get  nrf_sdh_ble.o
    0x0001ca50   0x0001ca50   0x00000128   Code   RO         5208    i.nrf_sdh_ble_default_cfg_set  nrf_sdh_ble.o
    0x0001cb78   0x0001cb78   0x00000130   Code   RO         5209    i.nrf_sdh_ble_enable  nrf_sdh_ble.o
    0x0001cca8   0x0001cca8   0x00000060   Code   RO         5210    i.nrf_sdh_ble_evts_poll  nrf_sdh_ble.o
    0x0001cd08   0x0001cd08   0x00000074   Code   RO         5089    i.nrf_sdh_enable_request  nrf_sdh.o
    0x0001cd7c   0x0001cd7c   0x00000024   Code   RO         5090    i.nrf_sdh_evts_poll  nrf_sdh.o
    0x0001cda0   0x0001cda0   0x0000000c   Code   RO         5091    i.nrf_sdh_is_enabled  nrf_sdh.o
    0x0001cdac   0x0001cdac   0x0000003c   Code   RO         5261    i.nrf_sdh_soc_evts_poll  nrf_sdh_soc.o
    0x0001cde8   0x0001cde8   0x0000000a   Code   RO         4285    i.nrf_section_iter_init  nrf_section_iter.o
    0x0001cdf2   0x0001cdf2   0x00000024   Code   RO         4286    i.nrf_section_iter_item_set  nrf_section_iter.o
    0x0001ce16   0x0001ce16   0x00000020   Code   RO         4287    i.nrf_section_iter_next  nrf_section_iter.o
    0x0001ce36   0x0001ce36   0x00000022   Code   RO         4320    i.nrf_sortlist_add  nrf_sortlist.o
    0x0001ce58   0x0001ce58   0x00000006   Code   RO         4322    i.nrf_sortlist_peek  nrf_sortlist.o
    0x0001ce5e   0x0001ce5e   0x0000000e   Code   RO         4323    i.nrf_sortlist_pop  nrf_sortlist.o
    0x0001ce6c   0x0001ce6c   0x0000001e   Code   RO         4324    i.nrf_sortlist_remove  nrf_sortlist.o
    0x0001ce8a   0x0001ce8a   0x00000002   PAD
    0x0001ce8c   0x0001ce8c   0x00000038   Code   RO         4376    i.nrf_strerror_find  nrf_strerror.o
    0x0001cec4   0x0001cec4   0x00000014   Code   RO         4377    i.nrf_strerror_get  nrf_strerror.o
    0x0001ced8   0x0001ced8   0x00000010   Code   RO         1534    i.nrf_wdt_started   nrf_drv_clock.o
    0x0001cee8   0x0001cee8   0x0000002c   Code   RO         1871    i.nrfx_clock_enable  nrfx_clock.o
    0x0001cf14   0x0001cf14   0x0000001c   Code   RO         1874    i.nrfx_clock_init   nrfx_clock.o
    0x0001cf30   0x0001cf30   0x00000030   Code   RO         1877    i.nrfx_clock_lfclk_stop  nrfx_clock.o
    0x0001cf60   0x0001cf60   0x00000010   Code   RO         3498    i.nrfx_coredep_delay_us  drv_rtc.o
    0x0001cf70   0x0001cf70   0x000000a0   Code   RO         2020    i.nrfx_gpiote_in_event_enable  nrfx_gpiote.o
    0x0001d010   0x0001d010   0x000000cc   Code   RO         2022    i.nrfx_gpiote_in_init  nrfx_gpiote.o
    0x0001d0dc   0x0001d0dc   0x00000014   Code   RO         2023    i.nrfx_gpiote_in_is_set  nrfx_gpiote.o
    0x0001d0f0   0x0001d0f0   0x00000074   Code   RO         2025    i.nrfx_gpiote_init  nrfx_gpiote.o
    0x0001d164   0x0001d164   0x00000014   Code   RO         2026    i.nrfx_gpiote_is_init  nrfx_gpiote.o
    0x0001d178   0x0001d178   0x0000003a   Code   RO         2309    i.nrfx_prs_acquire  nrfx_prs.o
    0x0001d1b2   0x0001d1b2   0x00000002   PAD
    0x0001d1b4   0x0001d1b4   0x00000198   Code   RO         2749    i.nrfx_spi_init     nrfx_spi.o
    0x0001d34c   0x0001d34c   0x00000064   Code   RO         2751    i.nrfx_spi_xfer     nrfx_spi.o
    0x0001d3b0   0x0001d3b0   0x00000088   Code   RO           16    i.nus_data_handler  main.o
    0x0001d438   0x0001d438   0x00000018   Code   RO         5305    i.nvmc_config       system_nrf52.o
    0x0001d450   0x0001d450   0x00000024   Code   RO           17    i.on_adv_evt        main.o
    0x0001d474   0x0001d474   0x0000001c   Code   RO           18    i.on_conn_params_evt  main.o
    0x0001d490   0x0001d490   0x0000006a   Code   RO         1464    i.on_connect        ble_nus.o
    0x0001d4fa   0x0001d4fa   0x00000002   PAD
    0x0001d4fc   0x0001d4fc   0x000000b0   Code   RO         1356    i.on_exchange_mtu_request_evt  nrf_ble_gatt.o
    0x0001d5ac   0x0001d5ac   0x00000084   Code   RO         1465    i.on_write          ble_nus.o
    0x0001d630   0x0001d630   0x00000012   Code   RO          929    i.phy_is_valid      ble_advertising.o
    0x0001d642   0x0001d642   0x00000002   PAD
    0x0001d644   0x0001d644   0x0000001c   Code   RO         2044    i.pin_configured_set  nrfx_gpiote.o
    0x0001d660   0x0001d660   0x00000018   Code   RO         2045    i.pin_in_use_by_port  nrfx_gpiote.o
    0x0001d678   0x0001d678   0x00000018   Code   RO         2046    i.pin_in_use_by_te  nrfx_gpiote.o
    0x0001d690   0x0001d690   0x000000b4   Code   RO         2047    i.port_event_handle  nrfx_gpiote.o
    0x0001d744   0x0001d744   0x00000010   Code   RO         2048    i.port_handler_polarity_get  nrfx_gpiote.o
    0x0001d754   0x0001d754   0x0000003c   Code   RO         4779    i.postfix_process   nrf_log_str_formatter.o
    0x0001d790   0x0001d790   0x00000098   Code   RO         4780    i.prefix_process    nrf_log_str_formatter.o
    0x0001d828   0x0001d828   0x00000018   Code   RO         2311    i.prs_box_get       nrfx_prs.o
    0x0001d840   0x0001d840   0x000000c8   Code   RO          461    i.reinit_rhd2132    rhd2132_adc.o
    0x0001d908   0x0001d908   0x0000003c   Code   RO          463    i.rhd2132_write_register  rhd2132_adc.o
    0x0001d944   0x0001d944   0x0000005c   Code   RO         3203    i.rtc_irq           app_timer2.o
    0x0001d9a0   0x0001d9a0   0x0000006c   Code   RO         3204    i.rtc_schedule      app_timer2.o
    0x0001da0c   0x0001da0c   0x0000008c   Code   RO         3205    i.rtc_update        app_timer2.o
    0x0001da98   0x0001da98   0x00000058   Code   RO         1535    i.sd_state_evt_handler  nrf_drv_clock.o
    0x0001daf0   0x0001daf0   0x00000030   Code   RO         5096    i.sdh_request_observer_notify  nrf_sdh.o
    0x0001db20   0x0001db20   0x0000002c   Code   RO         5097    i.sdh_state_observer_notify  nrf_sdh.o
    0x0001db4c   0x0001db4c   0x00000010   Code   RO         1027    i.send_error_evt    ble_conn_params.o
    0x0001db5c   0x0001db5c   0x00000050   Code   RO         4451    i.serial_tx         nrf_log_backend_rtt.o
    0x0001dbac   0x0001dbac   0x00000088   Code   RO          822    i.service_data_encode  ble_advdata.o
    0x0001dc34   0x0001dc34   0x00000030   Code   RO         1294    i.set_security_req  ble_srv_common.o
    0x0001dc64   0x0001dc64   0x00000028   Code   RO           19    i.sleep_mode_enter  main.o
    0x0001dc8c   0x0001dc8c   0x00000018   Code   RO         1536    i.soc_evt_handler   nrf_drv_clock.o
    0x0001dca4   0x0001dca4   0x00000058   Code   RO         5099    i.softdevices_evt_irq_enable  nrf_sdh.o
    0x0001dcfc   0x0001dcfc   0x0000000c   Code   RO         3206    i.sortlist_pop      app_timer2.o
    0x0001dd08   0x0001dd08   0x00000038   Code   RO         2711    i.spi_evt_handler   nrf_drv_spi.o
    0x0001dd40   0x0001dd40   0x0000007e   Code   RO         2752    i.spi_xfer          nrfx_spi.o
    0x0001ddbe   0x0001ddbe   0x00000002   PAD
    0x0001ddc0   0x0001ddc0   0x00000030   Code   RO         2864    i.state_set         app_button.o
    0x0001ddf0   0x0001ddf0   0x00000098   Code   RO         4609    i.std_n             nrf_log_frontend.o
    0x0001de88   0x0001de88   0x00000098   Code   RO         3207    i.timer_expire      app_timer2.o
    0x0001df20   0x0001df20   0x00000080   Code   RO         3208    i.timer_req_process  app_timer2.o
    0x0001dfa0   0x0001dfa0   0x00000038   Code   RO         3209    i.timer_req_schedule  app_timer2.o
    0x0001dfd8   0x0001dfd8   0x00000018   Code   RO         2865    i.timer_start       app_button.o
    0x0001dff0   0x0001dff0   0x00000064   Code   RO         2753    i.transfer_byte     nrfx_spi.o
    0x0001e054   0x0001e054   0x0000000a   Code   RO          823    i.uint16_encode     ble_advdata.o
    0x0001e05e   0x0001e05e   0x00000002   PAD
    0x0001e060   0x0001e060   0x000000b4   Code   RO         4041    i.unsigned_print    nrf_fprintf_format.o
    0x0001e114   0x0001e114   0x00000068   Code   RO         1028    i.update_timeout_handler  ble_conn_params.o
    0x0001e17c   0x0001e17c   0x00000018   Code   RO          930    i.use_whitelist     ble_advertising.o
    0x0001e194   0x0001e194   0x00000024   Code   RO         1423    i.user_mem_reply    nrf_ble_qwr.o
    0x0001e1b8   0x0001e1b8   0x00000020   Code   RO         2866    i.usr_event         app_button.o
    0x0001e1d8   0x0001e1d8   0x00000030   Code   RO          824    i.uuid_list_encode  ble_advdata.o
    0x0001e208   0x0001e208   0x0000009e   Code   RO          825    i.uuid_list_sized_encode  ble_advdata.o
    0x0001e2a6   0x0001e2a6   0x0000003a   Code   RO          617    i.wakeup_button_cfg  bsp.o
    0x0001e2e0   0x0001e2e0   0x00000038   Data   RO           23    .constdata          main.o
    0x0001e318   0x0001e318   0x00000004   Data   RO          564    .constdata          boards.o
    0x0001e31c   0x0001e31c   0x00000024   Data   RO          619    .constdata          bsp.o
    0x0001e340   0x0001e340   0x0000000e   Data   RO         1357    .constdata          nrf_ble_gatt.o
    0x0001e34e   0x0001e34e   0x00000002   PAD
    0x0001e350   0x0001e350   0x00000010   Data   RO         1466    .constdata          ble_nus.o
    0x0001e360   0x0001e360   0x00000004   Data   RO         2050    .constdata          nrfx_gpiote.o
    0x0001e364   0x0001e364   0x00000004   Data   RO         2756    .constdata          nrfx_spi.o
    0x0001e368   0x0001e368   0x00000008   Data   RO         2868    .constdata          app_button.o
    0x0001e370   0x0001e370   0x00000014   Data   RO         3212    .constdata          app_timer2.o
    0x0001e384   0x0001e384   0x0000000c   PAD
    0x0001e390   0x0001e390   0x00000006   Data   RO         3499    .constdata          drv_rtc.o
    0x0001e396   0x0001e396   0x00000010   Data   RO         4042    .constdata          nrf_fprintf_format.o
    0x0001e3a6   0x0001e3a6   0x00000002   PAD
    0x0001e3a8   0x0001e3a8   0x00000018   Data   RO         4162    .constdata          nrf_pwr_mgmt.o
    0x0001e3c0   0x0001e3c0   0x0000000c   Data   RO         4163    .constdata          nrf_pwr_mgmt.o
    0x0001e3cc   0x0001e3cc   0x0000013c   Data   RO         4378    .constdata          nrf_strerror.o
    0x0001e508   0x0001e508   0x0000000c   Data   RO         4453    .constdata          nrf_log_backend_rtt.o
    0x0001e514   0x0001e514   0x0000000c   PAD
    0x0001e520   0x0001e520   0x00000006   Data   RO         4454    .constdata          nrf_log_backend_rtt.o
    0x0001e526   0x0001e526   0x00000002   PAD
    0x0001e528   0x0001e528   0x00000010   Data   RO         5100    .constdata          nrf_sdh.o
    0x0001e538   0x0001e538   0x00000028   Data   RO         5101    .constdata          nrf_sdh.o
    0x0001e560   0x0001e560   0x00000010   Data   RO         5102    .constdata          nrf_sdh.o
    0x0001e570   0x0001e570   0x00000010   Data   RO         5103    .constdata          nrf_sdh.o
    0x0001e580   0x0001e580   0x00000020   Data   RO         5211    .constdata          nrf_sdh_ble.o
    0x0001e5a0   0x0001e5a0   0x00000010   Data   RO         5212    .constdata          nrf_sdh_ble.o
    0x0001e5b0   0x0001e5b0   0x00000010   Data   RO         5262    .constdata          nrf_sdh_soc.o
    0x0001e5c0   0x0001e5c0   0x0000000c   Data   RO         5263    .constdata          nrf_sdh_soc.o
    0x0001e5cc   0x0001e5cc   0x00000081   Data   RO         5373    .constdata          mc_w.l(ctype_o.o)
    0x0001e64d   0x0001e64d   0x00000003   PAD
    0x0001e650   0x0001e650   0x00000004   Data   RO         5374    .constdata          mc_w.l(ctype_o.o)
    0x0001e654   0x0001e654   0x000003eb   Data   RO         4379    .conststring        nrf_strerror.o
    0x0001ea3f   0x0001ea3f   0x00000001   PAD
    0x0001ea40   0x0001ea40   0x00000066   Data   RO         4781    .conststring        nrf_log_str_formatter.o
    0x0001eaa6   0x0001eaa6   0x00000002   PAD
    0x0001eaa8   0x0001eaa8   0x000001cf   Data   RO         5213    .conststring        nrf_sdh_ble.o
    0x0001ec77   0x0001ec77   0x00000001   PAD
    0x0001ec78   0x0001ec78   0x0000000d   Data   RO         1358    .conststrlit        nrf_ble_gatt.o
    0x0001ec85   0x0001ec85   0x00000003   PAD
    0x0001ec88   0x0001ec88   0x00000008   Data   RO         1467    .conststrlit        ble_nus.o
    0x0001ec90   0x0001ec90   0x00000006   Data   RO         1542    .conststrlit        nrf_drv_clock.o
    0x0001ec96   0x0001ec96   0x00000002   PAD
    0x0001ec98   0x0001ec98   0x00000006   Data   RO         1881    .conststrlit        nrfx_clock.o
    0x0001ec9e   0x0001ec9e   0x00000002   PAD
    0x0001eca0   0x0001eca0   0x00000007   Data   RO         2054    .conststrlit        nrfx_gpiote.o
    0x0001eca7   0x0001eca7   0x00000001   PAD
    0x0001eca8   0x0001eca8   0x00000004   Data   RO         2313    .conststrlit        nrfx_prs.o
    0x0001ecac   0x0001ecac   0x00000005   Data   RO         2393    .conststrlit        nrfx_uart.o
    0x0001ecb1   0x0001ecb1   0x00000003   PAD
    0x0001ecb4   0x0001ecb4   0x00000006   Data   RO         2577    .conststrlit        nrfx_uarte.o
    0x0001ecba   0x0001ecba   0x00000002   PAD
    0x0001ecbc   0x0001ecbc   0x00000004   Data   RO         2758    .conststrlit        nrfx_spi.o
    0x0001ecc0   0x0001ecc0   0x0000000b   Data   RO         2869    .conststrlit        app_button.o
    0x0001eccb   0x0001eccb   0x00000001   PAD
    0x0001eccc   0x0001eccc   0x0000000a   Data   RO         3213    .conststrlit        app_timer2.o
    0x0001ecd6   0x0001ecd6   0x00000002   PAD
    0x0001ecd8   0x0001ecd8   0x00000009   Data   RO         4164    .conststrlit        nrf_pwr_mgmt.o
    0x0001ece1   0x0001ece1   0x00000003   PAD
    0x0001ece4   0x0001ece4   0x00000009   Data   RO         4325    .conststrlit        nrf_sortlist.o
    0x0001eced   0x0001eced   0x00000003   PAD
    0x0001ecf0   0x0001ecf0   0x00000010   Data   RO         4548    .conststrlit        nrf_log_default_backends.o
    0x0001ed00   0x0001ed00   0x00000004   Data   RO         4615    .conststrlit        nrf_log_frontend.o
    0x0001ed04   0x0001ed04   0x00000008   Data   RO         5104    .conststrlit        nrf_sdh.o
    0x0001ed0c   0x0001ed0c   0x0000000c   Data   RO         5214    .conststrlit        nrf_sdh_ble.o
    0x0001ed18   0x0001ed18   0x0000000c   Data   RO         5264    .conststrlit        nrf_sdh_soc.o
    0x0001ed24   0x0001ed24   0x00000020   Data   RO         5428    Region$$Table       anon$$obj.o
    0x0001ed44   0x0001ed44   0x00000010   Data   RO         4550    log_backends        nrf_log_default_backends.o
    0x0001ed54   0x0001ed54   0x00000008   Data   RO         1359    log_const_data      nrf_ble_gatt.o
    0x0001ed5c   0x0001ed5c   0x00000008   Data   RO         1468    log_const_data      ble_nus.o
    0x0001ed64   0x0001ed64   0x00000008   Data   RO         1543    log_const_data      nrf_drv_clock.o
    0x0001ed6c   0x0001ed6c   0x00000008   Data   RO         1883    log_const_data      nrfx_clock.o
    0x0001ed74   0x0001ed74   0x00000008   Data   RO         2055    log_const_data      nrfx_gpiote.o
    0x0001ed7c   0x0001ed7c   0x00000008   Data   RO         2315    log_const_data      nrfx_prs.o
    0x0001ed84   0x0001ed84   0x00000008   Data   RO         2394    log_const_data      nrfx_uart.o
    0x0001ed8c   0x0001ed8c   0x00000008   Data   RO         2578    log_const_data      nrfx_uarte.o
    0x0001ed94   0x0001ed94   0x00000008   Data   RO         2759    log_const_data      nrfx_spi.o
    0x0001ed9c   0x0001ed9c   0x00000008   Data   RO         2872    log_const_data      app_button.o
    0x0001eda4   0x0001eda4   0x00000008   Data   RO         3216    log_const_data      app_timer2.o
    0x0001edac   0x0001edac   0x00000008   Data   RO         4166    log_const_data      nrf_pwr_mgmt.o
    0x0001edb4   0x0001edb4   0x00000008   Data   RO         4326    log_const_data      nrf_sortlist.o
    0x0001edbc   0x0001edbc   0x00000008   Data   RO         4619    log_const_data      nrf_log_frontend.o
    0x0001edc4   0x0001edc4   0x00000008   Data   RO         5106    log_const_data      nrf_sdh.o
    0x0001edcc   0x0001edcc   0x00000008   Data   RO         5216    log_const_data      nrf_sdh_ble.o
    0x0001edd4   0x0001edd4   0x00000008   Data   RO         5265    log_const_data      nrf_sdh_soc.o
    0x0001eddc   0x0001eddc   0x00000014   Data   RO         4620    nrf_balloc          nrf_log_frontend.o
    0x0001edf0   0x0001edf0   0x00000008   Data   RO         1117    sdh_ble_observers0  ble_conn_state.o
    0x0001edf8   0x0001edf8   0x00000010   Data   RO           30    sdh_ble_observers1  main.o
    0x0001ee08   0x0001ee08   0x00000008   Data   RO          707    sdh_ble_observers1  bsp_btn_ble.o
    0x0001ee10   0x0001ee10   0x00000008   Data   RO         1031    sdh_ble_observers1  ble_conn_params.o
    0x0001ee18   0x0001ee18   0x00000010   Data   RO           31    sdh_ble_observers2  main.o
    0x0001ee28   0x0001ee28   0x00000008   Data   RO           32    sdh_ble_observers3  main.o
    0x0001ee30   0x0001ee30   0x00000008   Data   RO         1544    sdh_soc_observers0  nrf_drv_clock.o
    0x0001ee38   0x0001ee38   0x00000008   Data   RO         5217    sdh_stack_observers0  nrf_sdh_ble.o
    0x0001ee40   0x0001ee40   0x00000008   Data   RO         5266    sdh_stack_observers0  nrf_sdh_soc.o
    0x0001ee48   0x0001ee48   0x00000008   Data   RO         1545    sdh_state_observers0  nrf_drv_clock.o


    Execution Region RW_IRAM1 (Exec base: 0x20002b00, Load base: 0x0001ee50, Size: 0x000017c8, Max: 0x00003500, ABSOLUTE, COMPRESSED[0x0000015c])

    Exec Addr    Load Addr    Size         Type   Attr      Idx    E Section Name        Object

    0x20002b00   COMPRESSED   0x00000020   Data   RW           24    .data               main.o
    0x20002b20   COMPRESSED   0x00000020   Data   RW           25    .data               main.o
    0x20002b40   COMPRESSED   0x0000003c   Data   RW           27    .data               main.o
    0x20002b7c   COMPRESSED   0x00000008   Data   RW           28    .data               main.o
    0x20002b84   COMPRESSED   0x00000004   Data   RW           29    .data               main.o
    0x20002b88   COMPRESSED   0x00000143   Data   RW          464    .data               rhd2132_adc.o
    0x20002ccb   COMPRESSED   0x00000001   PAD
    0x20002ccc   COMPRESSED   0x0000000c   Data   RW          620    .data               bsp.o
    0x20002cd8   COMPRESSED   0x00000020   Data   RW          621    .data               bsp.o
    0x20002cf8   COMPRESSED   0x00000008   Data   RW          706    .data               bsp_btn_ble.o
    0x20002d00   COMPRESSED   0x00000008   Data   RW         1030    .data               ble_conn_params.o
    0x20002d08   COMPRESSED   0x00000008   Data   RW         1882    .data               nrfx_clock.o
    0x20002d10   COMPRESSED   0x00000008   Data   RW         2314    .data               nrfx_prs.o
    0x20002d18   COMPRESSED   0x00000008   Data   RW         2712    .data               nrf_drv_spi.o
    0x20002d20   COMPRESSED   0x00000018   Data   RW         2870    .data               app_button.o
    0x20002d38   COMPRESSED   0x00000020   Data   RW         2871    .data               app_button.o
    0x20002d58   COMPRESSED   0x00000020   Data   RW         3214    .data               app_timer2.o
    0x20002d78   COMPRESSED   0x00000004   Data   RW         3215    .data               app_timer2.o
    0x20002d7c   COMPRESSED   0x0000000c   Data   RW         3500    .data               drv_rtc.o
    0x20002d88   COMPRESSED   0x00000008   Data   RW         4165    .data               nrf_pwr_mgmt.o
    0x20002d90   COMPRESSED   0x00000001   Data   RW         4455    .data               nrf_log_backend_rtt.o
    0x20002d91   COMPRESSED   0x00000003   PAD
    0x20002d94   COMPRESSED   0x00000008   Data   RW         4549    .data               nrf_log_default_backends.o
    0x20002d9c   COMPRESSED   0x00000004   Data   RW         4616    .data               nrf_log_frontend.o
    0x20002da0   COMPRESSED   0x00000008   Data   RW         4617    .data               nrf_log_frontend.o
    0x20002da8   COMPRESSED   0x00000008   Data   RW         4618    .data               nrf_log_frontend.o
    0x20002db0   COMPRESSED   0x00000040   Data   RW         4782    .data               nrf_log_str_formatter.o
    0x20002df0   COMPRESSED   0x00000003   Data   RW         5105    .data               nrf_sdh.o
    0x20002df3   COMPRESSED   0x00000001   Data   RW         5215    .data               nrf_sdh_ble.o
    0x20002df4   COMPRESSED   0x00000004   Data   RW         5307    .data               system_nrf52.o
    0x20002df8        -       0x00000320   Zero   RW           22    .bss                main.o
    0x20003118        -       0x0000000c   Zero   RW          618    .bss                bsp.o
    0x20003124   COMPRESSED   0x00000004   PAD
    0x20003128        -       0x00000050   Zero   RW         1029    .bss                ble_conn_params.o
    0x20003178        -       0x0000007c   Zero   RW         1116    .bss                ble_conn_state.o
    0x200031f4        -       0x00000014   Zero   RW         1537    .bss                nrf_drv_clock.o
    0x20003208        -       0x0000005c   Zero   RW         2049    .bss                nrfx_gpiote.o
    0x20003264        -       0x0000002c   Zero   RW         2754    .bss                nrfx_spi.o
    0x20003290        -       0x00000010   Zero   RW         2867    .bss                app_button.o
    0x200032a0        -       0x00000010   Zero   RW         3210    .bss                app_timer2.o
    0x200032b0        -       0x00000058   Zero   RW         3211    .bss                app_timer2.o
    0x20003308        -       0x0000000c   Zero   RW         3414    .bss                app_util_platform.o
    0x20003314        -       0x0000000c   Zero   RW         4161    .bss                nrf_pwr_mgmt.o
    0x20003320        -       0x00000040   Zero   RW         4452    .bss                nrf_log_backend_rtt.o
    0x20003360        -       0x000000c0   Zero   RW         4610    .bss                nrf_log_frontend.o
    0x20003420        -       0x00000420   Zero   RW         4613    .bss                nrf_log_frontend.o
    0x20003840        -       0x00000288   Zero   RW         4858    .bss                segger_rtt.o
    0x20003ac8        -       0x00000800   Zero   RW         5293    STACK               arm_startup_nrf52805.o


==============================================================================

Image component sizes


      Code (inc. data)   RO Data    RW Data    ZI Data      Debug   Object Name

       664         66         27         56         16      17114   app_button.o
        22          0          0          0          0       2441   app_error.o
       132         46          0          0          0      41474   app_error_weak.o
      1052         90         38         36        104      16173   app_timer2.o
       124         14          0          0         12      10478   app_util_platform.o
        36          8        512          0       2048        872   arm_startup_nrf52805.o
      1338          0          0          0          0      52664   ble_advdata.o
      1022          6          0          0          0      10299   ble_advertising.o
       636         44          8          8         80       8835   ble_conn_params.o
       374         10          8          0        124       7299   ble_conn_state.o
        72          0          0          0          0       1572   ble_link_ctx_manager.o
       670          6         32          0          0       6608   ble_nus.o
       456          6          0          0          0       3163   ble_srv_common.o
        80         16          4          0          0       6773   boards.o
       396         30         36         44         12      12027   bsp.o
       252         10          8          8          0       9228   bsp_btn_ble.o
       704         76          6         12          0      47549   drv_rtc.o
      1554        196         96        136        800     182515   main.o
       326          0          0          0          0       5543   nrf_atfifo.o
        64          0          0          0          0       2824   nrf_atflags.o
       306          0          0          0          0       7439   nrf_atomic.o
       116          0          0          0          0       2694   nrf_balloc.o
       498        126         35          0          0       7321   nrf_ble_gatt.o
       276          0          0          0          0       4421   nrf_ble_qwr.o
       312         36         30          0         20      43124   nrf_drv_clock.o
        96         14          0          8          0       6207   nrf_drv_spi.o
        50          0          0          0          0       3369   nrf_fprintf.o
       866          4         16          0          0       6282   nrf_fprintf_format.o
       108         18         18          1         64       4678   nrf_log_backend_rtt.o
       200          0          0          0          0      10813   nrf_log_backend_serial.o
         0          0         32          8          0       2489   nrf_log_default_backends.o
      1352        110         32         20       1248      27240   nrf_log_frontend.o
       570        108        102         64          0       5372   nrf_log_str_formatter.o
       342          0          0          0          0       8436   nrf_memobj.o
        40         12         53          8         12       4312   nrf_pwr_mgmt.o
         0          0          0          0          0       1072   nrf_ringbuf.o
       384         46        104          3          0      42202   nrf_sdh.o
       716        232        539          1          0       5633   nrf_sdh_ble.o
        60          4         56          0          0       2372   nrf_sdh_soc.o
        78          0          0          0          0       2576   nrf_section_iter.o
        84          0         17          0          0       3825   nrf_sortlist.o
        76         10       1319          0          0       2583   nrf_strerror.o
       230         32         14          8          0      46336   nrfx_clock.o
      1268        106         19          0         92      64397   nrfx_gpiote.o
        94         16         12          8          0       3537   nrfx_prs.o
       872         20         16          0         44      17258   nrfx_spi.o
         0          0         13          0          0      10756   nrfx_uart.o
         0          0         14          0          0      10630   nrfx_uarte.o
       702         30          0        323          0      21743   rhd2132_adc.o
       270          6          0          0        648       7483   segger_rtt.o
       412         50          0          4          0      28817   system_nrf52.o

    ----------------------------------------------------------------------
     20402       1604       3304        760       5328     860868   Object Totals
         0          0         32          0          0          0   (incl. Generated)
        50          0         56          4          4          0   (incl. Padding)

    ----------------------------------------------------------------------

      Code (inc. data)   RO Data    RW Data    ZI Data      Debug   Library Member Name

        86          0          0          0          0          0   __dczerorl2.o
         8          4        133          0          0         68   ctype_o.o
         0          0          0          0          0          0   entry.o
         0          0          0          0          0          0   entry10a.o
         0          0          0          0          0          0   entry11a.o
         8          4          0          0          0          0   entry2.o
         4          0          0          0          0          0   entry5.o
         0          0          0          0          0          0   entry7b.o
         0          0          0          0          0          0   entry8b.o
         8          4          0          0          0          0   entry9a.o
        30          0          0          0          0          0   handlers.o
        36          8          0          0          0         68   init.o
        30          0          0          0          0         68   llshl.o
        36          0          0          0          0         68   memcpya.o
        36          0          0          0          0        108   memseta.o
        14          0          0          0          0         68   strlen.o

    ----------------------------------------------------------------------
       302         20        136          0          0        448   Library Totals
         6          0          3          0          0          0   (incl. Padding)

    ----------------------------------------------------------------------

      Code (inc. data)   RO Data    RW Data    ZI Data      Debug   Library Name

       296         20        133          0          0        448   mc_w.l

    ----------------------------------------------------------------------
       302         20        136          0          0        448   Library Totals

    ----------------------------------------------------------------------

==============================================================================


      Code (inc. data)   RO Data    RW Data    ZI Data      Debug   

     20704       1624       3440        760       5328     847768   Grand Totals
     20704       1624       3440        348       5328     847768   ELF Image Totals (compressed)
     20704       1624       3440        348          0          0   ROM Totals

==============================================================================

    Total RO  Size (Code + RO Data)                24144 (  23.58kB)
    Total RW  Size (RW Data + ZI Data)              6088 (   5.95kB)
    Total ROM Size (Code + RO Data + RW Data)      24492 (  23.92kB)

==============================================================================

